******************************************************************************
                  TI ARM Linker PC v20.2.5                     
******************************************************************************
>> Linked Mon May 17 20:21:20 2021

OUTPUT FILE NAME:   <Proyecto4.out>
ENTRY POINT SYMBOL: "_c_int00_noargs"  address: 00000c39


MEMORY CONFIGURATION

         name            origin    length      used     unused   attr    fill
----------------------  --------  ---------  --------  --------  ----  --------
  FLASH                 00000000   00040000  00000ffe  0003f002  R  X
  SRAM                  20000000   00008000  00000477  00007b89  RW X


SEGMENT ALLOCATION MAP

run origin  load origin   length   init length attrs members
----------  ----------- ---------- ----------- ----- -------
00000000    00000000    00001000   00001000    r-x
  00000000    00000000    0000026c   0000026c    r-- .intvecs
  0000026c    0000026c    00000b4e   00000b4e    r-x .text
  00000dbc    00000dbc    0000020c   0000020c    r-- .const
  00000fc8    00000fc8    00000038   00000038    r-- .cinit
20000000    20000000    0000047b   00000000    rw-
  20000000    20000000    0000026c   00000000    rw- .vtable
  20000270    20000270    00000200   00000000    rw- .stack
  20000470    20000470    0000000b   00000000    rw- .data


SECTION ALLOCATION MAP

 output                                  attributes/
section   page    origin      length       input sections
--------  ----  ----------  ----------   ----------------
.intvecs   0    00000000    0000026c     
                  00000000    0000026c     tm4c123gh6pm_startup_ccs.obj (.intvecs)

.text      0    0000026c    00000b4e     
                  0000026c    00000308     main.obj (.text)
                  00000574    00000132     driverlib.lib : gpio.obj (.text:GPIOPadConfigSet)
                  000006a6    00000002     --HOLE-- [fill = 0]
                  000006a8    00000110                   : sysctl.obj (.text:SysCtlClockGet)
                  000007b8    000000f4                   : sysctl.obj (.text:SysCtlClockSet)
                  000008ac    0000009c     rtsv7M4_T_le_v4SPD16_eabi.lib : memcpy_t2.asm.obj (.text)
                  00000948    00000068     driverlib.lib : interrupt.obj (.text:IntEnable)
                  000009b0    00000068     rtsv7M4_T_le_v4SPD16_eabi.lib : copy_decompress_lzss.c.obj (.text:decompress:lzss:__TI_decompress_lzss)
                  00000a18    00000060     driverlib.lib : timer.obj (.text:TimerConfigure)
                  00000a78    0000004c                   : timer.obj (.text:_TimerIntNumberGet)
                  00000ac4    00000048                   : gpio.obj (.text:GPIOPinConfigure)
                  00000b0c    00000046                   : uart.obj (.text:UARTConfigSetExpClk)
                  00000b52    00000002     --HOLE-- [fill = 0]
                  00000b54    00000044     rtsv7M4_T_le_v4SPD16_eabi.lib : autoinit.c.obj (.text:__TI_auto_init_nobinit_nopinit:__TI_auto_init_nobinit_nopinit)
                  00000b98    00000038     driverlib.lib : sysctl.obj (.text:SysCtlPeripheralReady)
                  00000bd0    00000034                   : interrupt.obj (.text:IntRegister)
                  00000c04    00000034                   : sysctl.obj (.text:SysCtlPeripheralEnable)
                  00000c38    00000034     rtsv7M4_T_le_v4SPD16_eabi.lib : boot_cortex_m.c.obj (.text:_c_int00_noargs:_c_int00_noargs)
                  00000c6c    0000002a     driverlib.lib : gpio.obj (.text:GPIODirModeSet)
                  00000c96    00000002     --HOLE-- [fill = 0]
                  00000c98    00000020                   : uart.obj (.text:UARTDisable)
                  00000cb8    0000001c     rtsv7M4_T_le_v4SPD16_eabi.lib : copy_zero_init.c.obj (.text:decompress:ZI:__TI_zero_init_nomemset:__TI_zero_init_nomemset)
                  00000cd4    00000018     driverlib.lib : gpio.obj (.text:GPIOPinTypeGPIOOutput)
                  00000cec    00000018                   : timer.obj (.text:TimerIntRegister)
                  00000d04    00000014                   : uart.obj (.text:UARTEnable)
                  00000d18    00000012                   : gpio.obj (.text:GPIOPinTypeUART)
                  00000d2a    00000012                   : timer.obj (.text:TimerLoadSet)
                  00000d3c    00000010                   : interrupt.obj (.text:IntMasterEnable)
                  00000d4c    0000000e                   : timer.obj (.text:TimerEnable)
                  00000d5a    0000000e     rtsv7M4_T_le_v4SPD16_eabi.lib : copy_decompress_none.c.obj (.text:decompress:none:__TI_decompress_none)
                  00000d68    0000000c     driverlib.lib : cpu.obj (.text:CPUcpsie)
                  00000d74    0000000c     tm4c123gh6pm_startup_ccs.obj (.text)
                  00000d80    0000000a     driverlib.lib : uart.obj (.text:UARTCharPut)
                  00000d8a    0000000a                   : uart.obj (.text:UARTFIFOEnable)
                  00000d94    00000008                   : timer.obj (.text:TimerIntEnable)
                  00000d9c    00000006                   : gpio.obj (.text:GPIOPinRead)
                  00000da2    00000006                   : gpio.obj (.text:GPIOPinWrite)
                  00000da8    00000006                   : sysctl.obj (.text:SysCtlDelay)
                  00000dae    00000004                   : timer.obj (.text:TimerIntClear)
                  00000db2    00000004     rtsv7M4_T_le_v4SPD16_eabi.lib : pre_init.c.obj (.text:_system_pre_init)
                  00000db6    00000004                                   : exit.c.obj (.text:abort:abort)

.const     0    00000dbc    0000020c     
                  00000dbc    00000090     driverlib.lib : gpio.obj (.const:g_pui32GPIOBaseAddrs)
                  00000e4c    00000070                   : interrupt.obj (.const)
                  00000ebc    0000006c                   : sysctl.obj (.const:g_pui32Xtals)
                  00000f28    00000060                   : timer.obj (.const:g_ppui32TimerIntMap)
                  00000f88    00000040                   : timer.obj (.const:g_ppui32TimerIntMapSnowflake)

.cinit     0    00000fc8    00000038     
                  00000fc8    0000000f     (.cinit..data.load) [load image, compression = lzss]
                  00000fd7    00000001     --HOLE-- [fill = 0]
                  00000fd8    0000000c     (__TI_handler_table)
                  00000fe4    00000004     --HOLE-- [fill = 0]
                  00000fe8    00000008     (.cinit..vtable.load) [load image, compression = zero_init]
                  00000ff0    00000010     (__TI_cinit_table)

.init_array 
*          0    00000000    00000000     UNINITIALIZED

.vtable    0    20000000    0000026c     UNINITIALIZED
                  20000000    0000026c     driverlib.lib : interrupt.obj (.vtable)

.data      0    20000470    0000000b     UNINITIALIZED
                  20000470    0000000b     main.obj (.data)

.stack     0    20000270    00000200     UNINITIALIZED
                  20000270    00000004     rtsv7M4_T_le_v4SPD16_eabi.lib : boot_cortex_m.c.obj (.stack)
                  20000274    000001fc     --HOLE--

__llvm_prf_cnts 
*          0    20000000    00000000     UNINITIALIZED

MODULE SUMMARY

       Module                         code   ro data   rw data
       ------                         ----   -------   -------
    .\
       main.obj                       776    0         11     
       tm4c123gh6pm_startup_ccs.obj   12     620       0      
    +--+------------------------------+------+---------+---------+
       Total:                         788    620       11     
                                                              
    C:/ti/TivaWare_C_Series-2.1.4.178/driverlib/ccs/Debug/driverlib.lib
       interrupt.obj                  172    112       620    
       sysctl.obj                     630    108       0      
       gpio.obj                       474    144       0      
       timer.obj                      240    160       0      
       uart.obj                       142    0         0      
       cpu.obj                        12     0         0      
    +--+------------------------------+------+---------+---------+
       Total:                         1670   524       620    
                                                              
    C:\ti\ccs1030\ccs\tools\compiler\ti-cgt-arm_20.2.5.LTS\lib\rtsv7M4_T_le_v4SPD16_eabi.lib
       memcpy_t2.asm.obj              156    0         0      
       copy_decompress_lzss.c.obj     104    0         0      
       autoinit.c.obj                 68     0         0      
       boot_cortex_m.c.obj            52     0         0      
       copy_zero_init.c.obj           28     0         0      
       copy_decompress_none.c.obj     14     0         0      
       exit.c.obj                     4      0         0      
       pre_init.c.obj                 4      0         0      
    +--+------------------------------+------+---------+---------+
       Total:                         430    0         0      
                                                              
       Stack:                         0      0         512    
       Linker Generated:              0      51        0      
    +--+------------------------------+------+---------+---------+
       Grand Total:                   2888   1195      1143   


LINKER GENERATED COPY TABLES

__TI_cinit_table @ 00000ff0 records: 2, size/record: 8, table size: 16
	.data: load addr=00000fc8, load size=0000000f bytes, run addr=20000470, run size=0000000b bytes, compression=lzss
	.vtable: load addr=00000fe8, load size=00000008 bytes, run addr=20000000, run size=0000026c bytes, compression=zero_init


LINKER GENERATED HANDLER TABLE

__TI_handler_table @ 00000fd8 records: 3, size/record: 4, table size: 12
	index: 0, handler: __TI_zero_init
	index: 1, handler: __TI_decompress_lzss
	index: 2, handler: __TI_decompress_none


GLOBAL SYMBOLS: SORTED ALPHABETICALLY BY Name 

address   name                          
-------   ----                          
00000db7  C$$EXIT                       
00000d69  CPUcpsie                      
20000477  FLAG1                         
20000478  FLAG2                         
20000479  FLAG3                         
2000047a  FLAG4                         
00000c6d  GPIODirModeSet                
00000575  GPIOPadConfigSet              
00000ac5  GPIOPinConfigure              
00000d9d  GPIOPinRead                   
00000cd5  GPIOPinTypeGPIOOutput         
00000d19  GPIOPinTypeUART               
00000da3  GPIOPinWrite                  
00000949  IntEnable                     
00000d3d  IntMasterEnable               
00000bd1  IntRegister                   
20000470  LED                           
00000d75  ResetISR                      
000006a9  SysCtlClockGet                
000007b9  SysCtlClockSet                
00000da9  SysCtlDelay                   
00000c05  SysCtlPeripheralEnable        
00000b99  SysCtlPeripheralReady         
000004e1  Timer0IntHandler              
00000a19  TimerConfigure                
00000d4d  TimerEnable                   
00000daf  TimerIntClear                 
00000d95  TimerIntEnable                
00000ced  TimerIntRegister              
00000d2b  TimerLoadSet                  
00000d81  UARTCharPut                   
00000b0d  UARTConfigSetExpClk           
00000c99  UARTDisable                   
00000d05  UARTEnable                    
00000d8b  UARTFIFOEnable                
20000470  __STACK_END                   
00000200  __STACK_SIZE                  
20000470  __STACK_TOP                   
00000ff0  __TI_CINIT_Base               
00001000  __TI_CINIT_Limit              
00000fd8  __TI_Handler_Table_Base       
00000fe4  __TI_Handler_Table_Limit      
00000b55  __TI_auto_init_nobinit_nopinit
000009b1  __TI_decompress_lzss          
00000d5b  __TI_decompress_none          
ffffffff  __TI_pprof_out_hndl           
ffffffff  __TI_prof_data_size           
ffffffff  __TI_prof_data_start          
00000000  __TI_static_base__            
00000cb9  __TI_zero_init_nomemset       
000008ad  __aeabi_memcpy                
000008ad  __aeabi_memcpy4               
000008ad  __aeabi_memcpy8               
ffffffff  __binit__                     
ffffffff  __c_args__                    
UNDEFED   __mpu_init                    
20000270  __stack                       
20000000  __start___llvm_prf_cnts       
20000000  __stop___llvm_prf_cnts        
00000c39  _c_int00_noargs               
UNDEFED   _system_post_cinit            
00000db3  _system_pre_init              
00000db7  abort                         
ffffffff  binit                         
20000000  g_pfnRAMVectors               
00000000  g_pfnVectors                  
0000026d  main                          
000008ad  memcpy                        
20000474  temporal                      
20000475  temporal2                     
20000476  time                          


GLOBAL SYMBOLS: SORTED BY Symbol Address 

address   name                          
-------   ----                          
00000000  __TI_static_base__            
00000000  g_pfnVectors                  
00000200  __STACK_SIZE                  
0000026d  main                          
000004e1  Timer0IntHandler              
00000575  GPIOPadConfigSet              
000006a9  SysCtlClockGet                
000007b9  SysCtlClockSet                
000008ad  __aeabi_memcpy                
000008ad  __aeabi_memcpy4               
000008ad  __aeabi_memcpy8               
000008ad  memcpy                        
00000949  IntEnable                     
000009b1  __TI_decompress_lzss          
00000a19  TimerConfigure                
00000ac5  GPIOPinConfigure              
00000b0d  UARTConfigSetExpClk           
00000b55  __TI_auto_init_nobinit_nopinit
00000b99  SysCtlPeripheralReady         
00000bd1  IntRegister                   
00000c05  SysCtlPeripheralEnable        
00000c39  _c_int00_noargs               
00000c6d  GPIODirModeSet                
00000c99  UARTDisable                   
00000cb9  __TI_zero_init_nomemset       
00000cd5  GPIOPinTypeGPIOOutput         
00000ced  TimerIntRegister              
00000d05  UARTEnable                    
00000d19  GPIOPinTypeUART               
00000d2b  TimerLoadSet                  
00000d3d  IntMasterEnable               
00000d4d  TimerEnable                   
00000d5b  __TI_decompress_none          
00000d69  CPUcpsie                      
00000d75  ResetISR                      
00000d81  UARTCharPut                   
00000d8b  UARTFIFOEnable                
00000d95  TimerIntEnable                
00000d9d  GPIOPinRead                   
00000da3  GPIOPinWrite                  
00000da9  SysCtlDelay                   
00000daf  TimerIntClear                 
00000db3  _system_pre_init              
00000db7  C$$EXIT                       
00000db7  abort                         
00000fd8  __TI_Handler_Table_Base       
00000fe4  __TI_Handler_Table_Limit      
00000ff0  __TI_CINIT_Base               
00001000  __TI_CINIT_Limit              
20000000  __start___llvm_prf_cnts       
20000000  __stop___llvm_prf_cnts        
20000000  g_pfnRAMVectors               
20000270  __stack                       
20000470  LED                           
20000470  __STACK_END                   
20000470  __STACK_TOP                   
20000474  temporal                      
20000475  temporal2                     
20000476  time                          
20000477  FLAG1                         
20000478  FLAG2                         
20000479  FLAG3                         
2000047a  FLAG4                         
ffffffff  __TI_pprof_out_hndl           
ffffffff  __TI_prof_data_size           
ffffffff  __TI_prof_data_start          
ffffffff  __binit__                     
ffffffff  __c_args__                    
ffffffff  binit                         
UNDEFED   __mpu_init                    
UNDEFED   _system_post_cinit            

[71 symbols]
