Microchip MPLAB XC8 Compiler V2.31

Linker command line:

-W-3 --edf=C:\Program Files\Microchip\xc8\v2.31\pic\dat\en_msgs.txt -cn \
  -h+dist/default/production\Lab3.X.production.sym \
  --cmf=dist/default/production\Lab3.X.production.cmf -z -Q16F887 \
  -oC:\Users\Ricardo\AppData\Local\Temp\son8.2 --defsym=__MPLAB_BUILD=1 \
  -Mdist/default/production/Lab3.X.production.map -E1 -ver=XC8 Compiler \
  --acfsm=1493 -ASTACK=0110h-016Fh -pstack=STACK -ACODE=00h-07FFhx4 \
  -ASTRCODE=00h-01FFFh -ASTRING=00h-0FFhx32 -ACONST=00h-0FFhx32 \
  -AENTRY=00h-0FFhx32 -ACOMMON=070h-07Fh -ABANK0=020h-06Fh \
  -ABANK1=0A0h-0EFh -ABANK2=0110h-016Fh -ABANK3=0190h-01EFh \
  -ARAM=020h-06Fh,0A0h-0EFh,0110h-016Fh,0190h-01EFh \
  -AABS1=020h-07Fh,0A0h-0EFh,0110h-016Fh,0190h-01EFh -ASFR0=00h-01Fh \
  -ASFR1=080h-09Fh -ASFR2=0100h-010Fh -ASFR3=0180h-018Fh \
  -ACONFIG=02007h-02008h -DCONFIG=2 -AIDLOC=02000h-02003h -DIDLOC=2 \
  -AEEDATA=00h-0FFh/02100h -peeprom_data=EEDATA -DEEDATA=2 -DCODE=2 \
  -DSTRCODE=2 -DSTRING=2 -DCONST=2 -DENTRY=2 \
  -preset_vec=00h,intentry=04h,init,end_init -ppowerup=CODE -pcinit=CODE \
  -pfunctab=ENTRY -k C:\Users\Ricardo\AppData\Local\Temp\son8.o \
  dist/default/production\Lab3.X.production.o 

Object code version is 3.11

Machine type is 16F887



                Name                               Link     Load   Length Selector   Space Scale
C:\Users\Ricardo\AppData\Local\Temp\son8.o
                end_init                              E        E        3        8       0
                reset_vec                             0        0        3        0       0
                config                             2007     2007        2        0       4
dist/default/production\Lab3.X.production.o
                cinit                                11       11        F        8       0
                intentry                              4        4        A        8       0
                config                             2007     2007        2        0       4
                text21                              6AE      6AE       5D        8       0
                text20                              4FE      4FE       8B        8       0
                text19                              1FD      1FD       E7        8       0
                text18                              458      458       A6        8       0
                text17                              FBF      FBF       41     1F7E       0
                text16                              F0B      F0B        6     1E16       0
                text15                              F54      F54       1B     1EA8       0
                text14                              7DE      7DE       1E        8       0
                text13                              F3C      F3C       18     1E78       0
                text12                              F96      F96       29     1F2C       0
                text11                              589      589       69        8       0
                text10                              757      757       46        8       0
                text9                               F6F      F6F       27     1EDE       0
                text8                                20       20      1DD        8       0
                text7                               F25      F25       17     1E4A       0
                text6                               3AC      3AC       AC        8       0
                text5                               650      650       5E        8       0
                text4                               2E4      2E4       C8        8       0
                text3                               5F2      5F2       5E        8       0
                text2                               F11      F11       14     1E22       0
                text1                               79D      79D       41        8       0
                maintext                            70B      70B       4C        8       0
                cstackBANK0                          20       20       17       20       1
                cstackCOMMON                         70       70        A       70       1
                bssBANK0                             37       37        5       20       1
                bssCOMMON                            7A       7A        4       70       1
                strings                             800      800       29     1000       0

TOTAL           Name                               Link     Load   Length     Space
        CLASS   STACK          

        CLASS   CODE           
                end_init                              E        E        3         0
                cinit                                11       11        F         0
                intentry                              4        4        A         0
                reset_vec                             0        0        3         0
                text21                              6AE      6AE       5D         0
                text20                              4FE      4FE       8B         0
                text19                              1FD      1FD       E7         0
                text18                              458      458       A6         0
                text17                              FBF      FBF       41         0
                text16                              F0B      F0B        6         0
                text15                              F54      F54       1B         0
                text14                              7DE      7DE       1E         0
                text13                              F3C      F3C       18         0
                text12                              F96      F96       29         0
                text11                              589      589       69         0
                text10                              757      757       46         0
                text9                               F6F      F6F       27         0
                text8                                20       20      1DD         0
                text7                               F25      F25       17         0
                text6                               3AC      3AC       AC         0
                text5                               650      650       5E         0
                text4                               2E4      2E4       C8         0
                text3                               5F2      5F2       5E         0
                text2                               F11      F11       14         0
                text1                               79D      79D       41         0
                maintext                            70B      70B       4C         0

        CLASS   STRCODE        

        CLASS   STRING         
                strings                             800      800       29         0

        CLASS   CONST          

        CLASS   ENTRY          

        CLASS   COMMON         
                cstackCOMMON                         70       70        A         1
                bssCOMMON                            7A       7A        4         1

        CLASS   BANK0          
                cstackBANK0                          20       20       17         1
                bssBANK0                             37       37        5         1

        CLASS   BANK1          

        CLASS   BANK2          

        CLASS   BANK3          

        CLASS   RAM            

        CLASS   ABS1           
                abs_s1                               7E       7E        2         1

        CLASS   SFR0           

        CLASS   SFR1           

        CLASS   SFR2           

        CLASS   SFR3           

        CLASS   CONFIG         
                config                             2007     2007        2         4

        CLASS   IDLOC          

        CLASS   EEDATA         



SEGMENTS        Name                           Load    Length   Top    Selector   Space  Class     Delta

                reset_vec                      000000  000003  000003         0       0  CODE        2
                intentry                       000004  0007F8  0007FC         8       0  CODE        2
                cstackBANK0                    000020  00001C  00003C        20       1  BANK0       1
                cstackCOMMON                   000070  00000E  00007E        70       1  COMMON      1
                strings                        000800  000029  000829      1000       0  STRING      2
                text16                         000F0B  000006  000F11      1E16       0  CODE        2
                text2                          000F11  000014  000F25      1E22       0  CODE        2
                text7                          000F25  000017  000F3C      1E4A       0  CODE        2
                text13                         000F3C  000018  000F54      1E78       0  CODE        2
                text15                         000F54  00001B  000F6F      1EA8       0  CODE        2
                text9                          000F6F  000027  000F96      1EDE       0  CODE        2
                text12                         000F96  000029  000FBF      1F2C       0  CODE        2
                text17                         000FBF  000041  001000      1F7E       0  CODE        2


UNUSED ADDRESS RANGES

        Name                Unused          Largest block    Delta
        BANK0            003C-006F             34           1
        BANK1            00A0-00EF             50           1
        BANK2            0110-016F             60           1
        BANK3            0190-01EF             60           1
        CODE             0003-0003              1           2
                         07FC-07FF              4
                         0829-0F0A            6E2
                         1000-1FFF            800
        CONST            0003-0003              1           2
                         07FC-07FF              4
                         0829-0F0A            100
                         1000-1FFF            100
        EEDATA           2100-21FF            100           2
        ENTRY            0003-0003              1           2
                         07FC-07FF              4
                         0829-0F0A            100
                         1000-1FFF            100
        IDLOC            2000-2003              4           2
        RAM              003C-006F             34           1
                         00A0-00EF             50
                         0110-016F             60
                         0190-01EF             60
        SFR0             0000-001F             20           1
        SFR1             0080-009F             20           1
        SFR2             0100-010F             10           1
        SFR3             0180-018F             10           1
        STACK            0110-016F             60           1
        STRCODE          0003-0003              1           2
                         07FC-07FF              4
                         0829-0F0A            6E2
                         1000-1FFF           1000
        STRING           0003-0003              1           2
                         07FC-07FF              4
                         0829-0F0A            100
                         1000-1FFF            100

                                  Symbol Table

?___awdiv                  cstackBANK0  0026
?___lwdiv                  cstackBANK0  0020
?___wmul                   cstackBANK0  0020
ASCII@valor                cstackCOMMON 0072
Cambio@numero              cstackBANK0  0022
Conversiones@centimas      cstackBANK0  0031
Conversiones@decimas       cstackBANK0  0033
Conversiones@temporal      cstackBANK0  0034
Conversiones@unidades      cstackBANK0  0032
Envio@temporal             cstackCOMMON 0075
Envio_Contador@centimas    cstackBANK0  0032
Envio_Contador@decimas     cstackBANK0  0034
Envio_Contador@temporal    cstackBANK0  0035
Envio_Contador@unidades    cstackBANK0  0033
Lcd_Cmd@a                  cstackBANK0  0023
Lcd_Port@a                 cstackBANK0  0020
Lcd_Set_Cursor@a           cstackBANK0  0025
Lcd_Set_Cursor@b           cstackBANK0  0024
Lcd_Write_Char@a           cstackBANK0  0022
Lcd_Write_String@a         cstackBANK0  0025
Lcd_Write_String@i         cstackBANK0  0023
_ADCON0bits                (abs)        001F
_ADCON1                    (abs)        009F
_ADRESH                    (abs)        001E
_ANSEL                     (abs)        0188
_ANSELH                    (abs)        0189
_ANSELbits                 (abs)        0188
_ASCII                     text21       06AE
_BAUDCTLbits               (abs)        0187
_CONTADOR                  bssBANK0     003B
_Cambio                    text17       0FBF
_Conversiones              text8        0020
_Envio                     text20       04FE
_Envio_Contador            text6        03AC
_FLAGADC                   bssCOMMON    007A
_FLAGD                     bssBANK0     0038
_FLAGI                     bssBANK0     0037
_FLAGTX                    bssBANK0     0039
_INTCONbits                (abs)        000B
_Lcd_Cmd                   text15       0F54
_Lcd_Init                  text5        0650
_Lcd_Port                  text16       0F0B
_Lcd_Set_Cursor            text14       07DE
_Lcd_Write_Char            text13       0F3C
_Lcd_Write_String          text12       0F96
_OPTION_REG                (abs)        0081
_OSCCONbits                (abs)        008F
_PIE1bits                  (abs)        008C
_PIR1bits                  (abs)        000C
_PORTA                     (abs)        0005
_PORTB                     (abs)        0006
_PORTC                     (abs)        0007
_PORTD                     (abs)        0008
_PORTDbits                 (abs)        0008
_PORTE                     (abs)        0009
_RCREG                     (abs)        001A
_RCSTAbits                 (abs)        0018
_RECEPCION                 bssCOMMON    007B
_SPBRG                     (abs)        0099
_SPBRGH                    (abs)        009A
_Setup                     text1        079D
_TMR0                      (abs)        0001
_TOGGLE                    bssBANK0     003A
_TRISA                     (abs)        0085
_TRISB                     (abs)        0086
_TRISC                     (abs)        0087
_TRISD                     (abs)        0088
_TRISE                     (abs)        0089
_TXREG                     (abs)        0019
_TXSTAbits                 (abs)        0098
_VAR_ADC1                  bssCOMMON    007D
_VAR_ADC2                  bssCOMMON    007C
_WDTCON                    (abs)        0105
__Habs1                    abs1         0000
__Hbank0                   bank0        0000
__Hbank1                   bank1        0000
__Hbank2                   bank2        0000
__Hbank3                   bank3        0000
__HbssBANK0                bssBANK0     0000
__HbssCOMMON               bssCOMMON    0000
__Hcinit                   cinit        0020
__Hclrtext                 clrtext      0000
__Hcode                    code         0000
__Hcommon                  common       0000
__Hconfig                  config       2009
__HcstackBANK0             cstackBANK0  0000
__HcstackCOMMON            cstackCOMMON 0000
__Heeprom_data             eeprom_data  0000
__Hend_init                end_init     0011
__Hfunctab                 functab      0000
__Hinit                    init         000E
__Hintentry                intentry     000E
__Hmaintext                maintext     0000
__Hpowerup                 powerup      0000
__Hram                     ram          0000
__Hreset_vec               reset_vec    0003
__Hsfr0                    sfr0         0000
__Hsfr1                    sfr1         0000
__Hsfr2                    sfr2         0000
__Hsfr3                    sfr3         0000
__Hspace_0                 (abs)        1000
__Hspace_1                 (abs)        007E
__Hspace_2                 (abs)        0000
__Hspace_3                 (abs)        0000
__Hspace_4                 (abs)        4010
__Hstack                   stack        0000
__Hstrings                 strings      0000
__Htext                    text         0000
__Labs1                    abs1         0000
__Lbank0                   bank0        0000
__Lbank1                   bank1        0000
__Lbank2                   bank2        0000
__Lbank3                   bank3        0000
__LbssBANK0                bssBANK0     0000
__LbssCOMMON               bssCOMMON    0000
__Lcinit                   cinit        0011
__Lclrtext                 clrtext      0000
__Lcode                    code         0000
__Lcommon                  common       0000
__Lconfig                  config       0000
__LcstackBANK0             cstackBANK0  0000
__LcstackCOMMON            cstackCOMMON 0000
__Leeprom_data             eeprom_data  0000
__Lend_init                end_init     000E
__Lfunctab                 functab      0000
__Linit                    init         000E
__Lintentry                intentry     0004
__Lmaintext                maintext     0000
__Lpowerup                 powerup      0000
__Lram                     ram          0000
__Lreset_vec               reset_vec    0000
__Lsfr0                    sfr0         0000
__Lsfr1                    sfr1         0000
__Lsfr2                    sfr2         0000
__Lsfr3                    sfr3         0000
__Lspace_0                 (abs)        0000
__Lspace_1                 (abs)        0000
__Lspace_2                 (abs)        0000
__Lspace_3                 (abs)        0000
__Lspace_4                 (abs)        0000
__Lstack                   stack        0000
__Lstrings                 strings      0000
__Ltext                    text         0000
__S0                       (abs)        1000
__S1                       (abs)        007E
__S2                       (abs)        0000
__S3                       (abs)        0000
___awdiv                   text11       0589
___awdiv@counter           cstackBANK0  002B
___awdiv@dividend          cstackBANK0  0028
___awdiv@divisor           cstackBANK0  0026
___awdiv@quotient          cstackBANK0  002D
___awdiv@sign              cstackBANK0  002C
___bmul                    text7        0F25
___bmul@multiplicand       cstackBANK0  0020
___bmul@multiplier         cstackBANK0  0023
___bmul@product            cstackBANK0  0022
___int_sp                  stack        0000
___latbits                 (abs)        0002
___lwdiv                   text10       0757
___lwdiv@counter           cstackBANK0  0027
___lwdiv@dividend          cstackBANK0  0022
___lwdiv@divisor           cstackBANK0  0020
___lwdiv@quotient          cstackBANK0  0025
___sp                      stack        0000
___stackhi                 (abs)        0000
___stacklo                 (abs)        0000
___wmul                    text9        0F6F
___wmul@multiplicand       cstackBANK0  0022
___wmul@multiplier         cstackBANK0  0020
___wmul@product            cstackBANK0  0024
__end_of_ASCII             text21       070B
__end_of_Cambio            text17       1000
__end_of_Conversiones      text8        01FD
__end_of_Envio             text20       0589
__end_of_Envio_Contador    text6        0458
__end_of_Lcd_Cmd           text15       0F6F
__end_of_Lcd_Init          text5        06AE
__end_of_Lcd_Port          text16       0F11
__end_of_Lcd_Set_Cursor    text14       07FC
__end_of_Lcd_Write_Char    text13       0F54
__end_of_Lcd_Write_String  text12       0FBF
__end_of_Setup             text1        07DE
__end_of___awdiv           text11       05F2
__end_of___bmul            text7        0F3C
__end_of___lwdiv           text10       079D
__end_of___wmul            text9        0F96
__end_of__initialization   cinit        001C
__end_of__stringtab        strings      0806
__end_of_initADC           text4        03AC
__end_of_initOsc           text3        0650
__end_of_initUART          text2        0F25
__end_of_isr               text18       04FE
__end_of_main              maintext     0757
__end_ofi1_initADC         text19       02E4
__initialization           cinit        0011
__pbssBANK0                bssBANK0     0037
__pbssCOMMON               bssCOMMON    007A
__pcstackBANK0             cstackBANK0  0020
__pcstackCOMMON            cstackCOMMON 0070
__pintentry                intentry     0004
__pmaintext                maintext     070B
__pstrings                 strings      0800
__ptext1                   text1        079D
__ptext10                  text10       0757
__ptext11                  text11       0589
__ptext12                  text12       0F96
__ptext13                  text13       0F3C
__ptext14                  text14       07DE
__ptext15                  text15       0F54
__ptext16                  text16       0F0B
__ptext17                  text17       0FBF
__ptext18                  text18       0458
__ptext19                  text19       01FD
__ptext2                   text2        0F11
__ptext20                  text20       04FE
__ptext21                  text21       06AE
__ptext3                   text3        05F2
__ptext4                   text4        02E4
__ptext5                   text5        0650
__ptext6                   text6        03AC
__ptext7                   text7        0F25
__ptext8                   text8        0020
__ptext9                   text9        0F6F
__size_of_ASCII            (abs)        0000
__size_of_Cambio           (abs)        0000
__size_of_Conversiones     (abs)        0000
__size_of_Envio            (abs)        0000
__size_of_Envio_Contador   (abs)        0000
__size_of_Lcd_Cmd          (abs)        0000
__size_of_Lcd_Init         (abs)        0000
__size_of_Lcd_Port         (abs)        0000
__size_of_Lcd_Set_Cursor   (abs)        0000
__size_of_Lcd_Write_Char   (abs)        0000
__size_of_Lcd_Write_String (abs)        0000
__size_of_Setup            (abs)        0000
__size_of___awdiv          (abs)        0000
__size_of___bmul           (abs)        0000
__size_of___lwdiv          (abs)        0000
__size_of___wmul           (abs)        0000
__size_of_initADC          (abs)        0000
__size_of_initOsc          (abs)        0000
__size_of_initUART         (abs)        0000
__size_of_isr              (abs)        0000
__size_of_main             (abs)        0000
__size_ofi1_initADC        (abs)        0000
__stringbase               strings      0805
__stringtab                strings      0800
_initADC                   text4        02E4
_initOsc                   text3        05F2
_initUART                  text2        0F11
_isr                       text18       0458
_main                      maintext     070B
btemp                      (abs)        007E
end_of_initialization      cinit        001C
i1_initADC                 text19       01FD
i1initADC@ADCS             cstackCOMMON 0073
i1initADC@CHS              cstackCOMMON 0070
initADC@ADCS               cstackBANK0  0023
initADC@CHS                cstackBANK0  0020
initOsc@IRCF               cstackBANK0  0022
interrupt_function         intentry     0004
intlevel0                  functab      0000
intlevel1                  functab      0000
intlevel2                  functab      0000
intlevel3                  functab      0000
intlevel4                  functab      0000
intlevel5                  functab      0000
reset_vec                  reset_vec    0000
saved_w                    (abs)        007E
start                      init         000E
start_initialization       cinit        0011
wtemp0                     (abs)        007E


FUNCTION INFORMATION:

 *************** function _main *****************
 Defined at:
		line 126 in file "code.c"
 Parameters:    Size  Location     Type
		None
 Auto vars:     Size  Location     Type
		None
 Return value:  Size  Location     Type
                  1    wreg      void 
 Registers used:
		wreg, fsr0l, fsr0h, status,2, status,0, pclath, cstack
 Tracked objects:
		On entry : 
		On exit  : 
		Unchanged: 
 Data sizes:     COMMON   BANK0   BANK1   BANK3   BANK2
      Params:         0       0       0       0       0
      Locals:         0       0       0       0       0
      Temps:          0       1       0       0       0
      Totals:         0       1       0       0       0
Total ram usage:        1 bytes
 Hardware stack levels required when called:    7
 This function calls:
		_Conversiones
		_Envio_Contador
		_Lcd_Set_Cursor
		_Lcd_Write_String
		_Setup
 This function is called by:
		Startup code after reset
 This function uses a non-reentrant model


 *************** function _Setup *****************
 Defined at:
		line 148 in file "code.c"
 Parameters:    Size  Location     Type
		None
 Auto vars:     Size  Location     Type
		None
 Return value:  Size  Location     Type
                  1    wreg      void 
 Registers used:
		wreg, fsr0l, fsr0h, status,2, status,0, pclath, cstack
 Tracked objects:
		On entry : 
		On exit  : 
		Unchanged: 
 Data sizes:     COMMON   BANK0   BANK1   BANK3   BANK2
      Params:         0       0       0       0       0
      Locals:         0       0       0       0       0
      Temps:          0       1       0       0       0
      Totals:         0       1       0       0       0
Total ram usage:        1 bytes
 Hardware stack levels used:    1
 Hardware stack levels required when called:    6
 This function calls:
		_Lcd_Init
		_initADC
		_initOsc
		_initUART
 This function is called by:
		_main
 This function uses a non-reentrant model


 *************** function _initUART *****************
 Defined at:
		line 6 in file "E:/UVG/Semestre 5/Digital2/Lab3/Lab3.X/USART.c"
 Parameters:    Size  Location     Type
		None
 Auto vars:     Size  Location     Type
		None
 Return value:  Size  Location     Type
                  1    wreg      void 
 Registers used:
		wreg, status,2
 Tracked objects:
		On entry : 
		On exit  : 
		Unchanged: 
 Data sizes:     COMMON   BANK0   BANK1   BANK3   BANK2
      Params:         0       0       0       0       0
      Locals:         0       0       0       0       0
      Temps:          0       0       0       0       0
      Totals:         0       0       0       0       0
Total ram usage:        0 bytes
 Hardware stack levels used:    1
 Hardware stack levels required when called:    3
 This function calls:
		Nothing
 This function is called by:
		_Setup
 This function uses a non-reentrant model


 *************** function _initOsc *****************
 Defined at:
		line 6 in file "E:/UVG/Semestre 5/Digital2/Lab3/Lab3.X/Oscilador.c"
 Parameters:    Size  Location     Type
  IRCF            1    wreg     unsigned char 
 Auto vars:     Size  Location     Type
  IRCF            1    2[BANK0 ] unsigned char 
 Return value:  Size  Location     Type
                  1    wreg      void 
 Registers used:
		wreg, fsr0l, fsr0h, status,2, status,0
 Tracked objects:
		On entry : 
		On exit  : 
		Unchanged: 
 Data sizes:     COMMON   BANK0   BANK1   BANK3   BANK2
      Params:         0       0       0       0       0
      Locals:         0       1       0       0       0
      Temps:          0       2       0       0       0
      Totals:         0       3       0       0       0
Total ram usage:        3 bytes
 Hardware stack levels used:    1
 Hardware stack levels required when called:    3
 This function calls:
		Nothing
 This function is called by:
		_Setup
 This function uses a non-reentrant model


 *************** function _initADC *****************
 Defined at:
		line 6 in file "E:/UVG/Semestre 5/Digital2/Lab3/Lab3.X/ADC.c"
 Parameters:    Size  Location     Type
  ADCS            1    wreg     unsigned char 
  CHS             1    0[BANK0 ] unsigned char 
 Auto vars:     Size  Location     Type
  ADCS            1    3[BANK0 ] unsigned char 
 Return value:  Size  Location     Type
                  1    wreg      void 
 Registers used:
		wreg, fsr0l, fsr0h, status,2, status,0
 Tracked objects:
		On entry : 
		On exit  : 
		Unchanged: 
 Data sizes:     COMMON   BANK0   BANK1   BANK3   BANK2
      Params:         0       1       0       0       0
      Locals:         0       1       0       0       0
      Temps:          0       2       0       0       0
      Totals:         0       4       0       0       0
Total ram usage:        4 bytes
 Hardware stack levels used:    1
 Hardware stack levels required when called:    3
 This function calls:
		Nothing
 This function is called by:
		_Setup
 This function uses a non-reentrant model


 *************** function _Lcd_Init *****************
 Defined at:
		line 38 in file "E:/UVG/Semestre 5/Digital2/Lab3/Lab3.X/LCD.c"
 Parameters:    Size  Location     Type
		None
 Auto vars:     Size  Location     Type
		None
 Return value:  Size  Location     Type
                  1    wreg      void 
 Registers used:
		wreg, status,2, status,0, pclath, cstack
 Tracked objects:
		On entry : 
		On exit  : 
		Unchanged: 
 Data sizes:     COMMON   BANK0   BANK1   BANK3   BANK2
      Params:         0       0       0       0       0
      Locals:         0       0       0       0       0
      Temps:          0       2       0       0       0
      Totals:         0       2       0       0       0
Total ram usage:        2 bytes
 Hardware stack levels used:    1
 Hardware stack levels required when called:    5
 This function calls:
		_Lcd_Cmd
		_Lcd_Port
 This function is called by:
		_Setup
 This function uses a non-reentrant model


 *************** function _Envio_Contador *****************
 Defined at:
		line 284 in file "code.c"
 Parameters:    Size  Location     Type
		None
 Auto vars:     Size  Location     Type
  temporal        1   21[BANK0 ] unsigned char 
  decimas         1   20[BANK0 ] unsigned char 
  unidades        1   19[BANK0 ] unsigned char 
  centimas        1   18[BANK0 ] unsigned char 
 Return value:  Size  Location     Type
                  1    wreg      void 
 Registers used:
		wreg, fsr0l, fsr0h, status,2, status,0, pclath, cstack
 Tracked objects:
		On entry : 
		On exit  : 
		Unchanged: 
 Data sizes:     COMMON   BANK0   BANK1   BANK3   BANK2
      Params:         0       0       0       0       0
      Locals:         0       4       0       0       0
      Temps:          0       3       0       0       0
      Totals:         0       7       0       0       0
Total ram usage:        7 bytes
 Hardware stack levels used:    1
 Hardware stack levels required when called:    6
 This function calls:
		_Cambio
		_Lcd_Set_Cursor
		_Lcd_Write_String
		___awdiv
		___bmul
 This function is called by:
		_main
 This function uses a non-reentrant model


 *************** function ___bmul *****************
 Defined at:
		line 4 in file "C:\Program Files\Microchip\xc8\v2.31\pic\sources\c90\common\Umul8.c"
 Parameters:    Size  Location     Type
  multiplier      1    wreg     unsigned char 
  multiplicand    1    0[BANK0 ] unsigned char 
 Auto vars:     Size  Location     Type
  multiplier      1    3[BANK0 ] unsigned char 
  product         1    2[BANK0 ] unsigned char 
 Return value:  Size  Location     Type
                  1    wreg      unsigned char 
 Registers used:
		wreg, status,2, status,0
 Tracked objects:
		On entry : 
		On exit  : 
		Unchanged: 
 Data sizes:     COMMON   BANK0   BANK1   BANK3   BANK2
      Params:         0       1       0       0       0
      Locals:         0       2       0       0       0
      Temps:          0       1       0       0       0
      Totals:         0       4       0       0       0
Total ram usage:        4 bytes
 Hardware stack levels used:    1
 Hardware stack levels required when called:    3
 This function calls:
		Nothing
 This function is called by:
		_Envio_Contador
 This function uses a non-reentrant model


 *************** function _Conversiones *****************
 Defined at:
		line 234 in file "code.c"
 Parameters:    Size  Location     Type
		None
 Auto vars:     Size  Location     Type
  temporal        2   20[BANK0 ] unsigned int 
  decimas         1   19[BANK0 ] unsigned char 
  unidades        1   18[BANK0 ] unsigned char 
  centimas        1   17[BANK0 ] unsigned char 
 Return value:  Size  Location     Type
                  1    wreg      void 
 Registers used:
		wreg, fsr0l, fsr0h, status,2, status,0, pclath, cstack
 Tracked objects:
		On entry : 
		On exit  : 
		Unchanged: 
 Data sizes:     COMMON   BANK0   BANK1   BANK3   BANK2
      Params:         0       0       0       0       0
      Locals:         0       5       0       0       0
      Temps:          0       2       0       0       0
      Totals:         0       7       0       0       0
Total ram usage:        7 bytes
 Hardware stack levels used:    1
 Hardware stack levels required when called:    6
 This function calls:
		_Cambio
		_Lcd_Set_Cursor
		_Lcd_Write_String
		___awdiv
		___lwdiv
		___wmul
 This function is called by:
		_main
 This function uses a non-reentrant model


 *************** function ___wmul *****************
 Defined at:
		line 15 in file "C:\Program Files\Microchip\xc8\v2.31\pic\sources\c90\common\Umul16.c"
 Parameters:    Size  Location     Type
  multiplier      2    0[BANK0 ] unsigned int 
  multiplicand    2    2[BANK0 ] unsigned int 
 Auto vars:     Size  Location     Type
  product         2    4[BANK0 ] unsigned int 
 Return value:  Size  Location     Type
                  2    0[BANK0 ] unsigned int 
 Registers used:
		wreg, status,2, status,0
 Tracked objects:
		On entry : 
		On exit  : 
		Unchanged: 
 Data sizes:     COMMON   BANK0   BANK1   BANK3   BANK2
      Params:         0       4       0       0       0
      Locals:         0       2       0       0       0
      Temps:          0       0       0       0       0
      Totals:         0       6       0       0       0
Total ram usage:        6 bytes
 Hardware stack levels used:    1
 Hardware stack levels required when called:    3
 This function calls:
		Nothing
 This function is called by:
		_Conversiones
 This function uses a non-reentrant model


 *************** function ___lwdiv *****************
 Defined at:
		line 5 in file "C:\Program Files\Microchip\xc8\v2.31\pic\sources\c90\common\lwdiv.c"
 Parameters:    Size  Location     Type
  divisor         2    0[BANK0 ] unsigned int 
  dividend        2    2[BANK0 ] unsigned int 
 Auto vars:     Size  Location     Type
  quotient        2    5[BANK0 ] unsigned int 
  counter         1    7[BANK0 ] unsigned char 
 Return value:  Size  Location     Type
                  2    0[BANK0 ] unsigned int 
 Registers used:
		wreg, status,2, status,0
 Tracked objects:
		On entry : 
		On exit  : 
		Unchanged: 
 Data sizes:     COMMON   BANK0   BANK1   BANK3   BANK2
      Params:         0       4       0       0       0
      Locals:         0       3       0       0       0
      Temps:          0       1       0       0       0
      Totals:         0       8       0       0       0
Total ram usage:        8 bytes
 Hardware stack levels used:    1
 Hardware stack levels required when called:    3
 This function calls:
		Nothing
 This function is called by:
		_Conversiones
 This function uses a non-reentrant model


 *************** function ___awdiv *****************
 Defined at:
		line 5 in file "C:\Program Files\Microchip\xc8\v2.31\pic\sources\c90\common\awdiv.c"
 Parameters:    Size  Location     Type
  divisor         2    6[BANK0 ] int 
  dividend        2    8[BANK0 ] int 
 Auto vars:     Size  Location     Type
  quotient        2   13[BANK0 ] int 
  sign            1   12[BANK0 ] unsigned char 
  counter         1   11[BANK0 ] unsigned char 
 Return value:  Size  Location     Type
                  2    6[BANK0 ] int 
 Registers used:
		wreg, status,2, status,0
 Tracked objects:
		On entry : 
		On exit  : 
		Unchanged: 
 Data sizes:     COMMON   BANK0   BANK1   BANK3   BANK2
      Params:         0       4       0       0       0
      Locals:         0       4       0       0       0
      Temps:          0       1       0       0       0
      Totals:         0       9       0       0       0
Total ram usage:        9 bytes
 Hardware stack levels used:    1
 Hardware stack levels required when called:    3
 This function calls:
		Nothing
 This function is called by:
		_Conversiones
		_Envio_Contador
 This function uses a non-reentrant model


 *************** function _Lcd_Write_String *****************
 Defined at:
		line 64 in file "E:/UVG/Semestre 5/Digital2/Lab3/Lab3.X/LCD.c"
 Parameters:    Size  Location     Type
  a               1    wreg     PTR unsigned char 
		 -> STR_15(2), STR_14(2), STR_13(2), STR_12(2), 
		 -> STR_11(2), STR_10(2), STR_9(2), STR_8(2), 
		 -> STR_7(2), STR_6(2), STR_5(2), STR_4(2), 
		 -> STR_3(5), STR_2(6), STR_1(6), 
 Auto vars:     Size  Location     Type
  a               1    5[BANK0 ] PTR unsigned char 
		 -> STR_15(2), STR_14(2), STR_13(2), STR_12(2), 
		 -> STR_11(2), STR_10(2), STR_9(2), STR_8(2), 
		 -> STR_7(2), STR_6(2), STR_5(2), STR_4(2), 
		 -> STR_3(5), STR_2(6), STR_1(6), 
  i               2    3[BANK0 ] int 
 Return value:  Size  Location     Type
                  1    wreg      void 
 Registers used:
		wreg, fsr0l, fsr0h, status,2, status,0, pclath, cstack
 Tracked objects:
		On entry : 
		On exit  : 
		Unchanged: 
 Data sizes:     COMMON   BANK0   BANK1   BANK3   BANK2
      Params:         0       0       0       0       0
      Locals:         0       3       0       0       0
      Temps:          0       0       0       0       0
      Totals:         0       3       0       0       0
Total ram usage:        3 bytes
 Hardware stack levels used:    1
 Hardware stack levels required when called:    5
 This function calls:
		_Lcd_Write_Char
 This function is called by:
		_main
		_Conversiones
		_Envio_Contador
 This function uses a non-reentrant model


 *************** function _Lcd_Write_Char *****************
 Defined at:
		line 56 in file "E:/UVG/Semestre 5/Digital2/Lab3/Lab3.X/LCD.c"
 Parameters:    Size  Location     Type
  a               1    wreg     unsigned char 
 Auto vars:     Size  Location     Type
  a               1    2[BANK0 ] unsigned char 
 Return value:  Size  Location     Type
                  1    wreg      void 
 Registers used:
		wreg, status,2, status,0, pclath, cstack
 Tracked objects:
		On entry : 
		On exit  : 
		Unchanged: 
 Data sizes:     COMMON   BANK0   BANK1   BANK3   BANK2
      Params:         0       0       0       0       0
      Locals:         0       1       0       0       0
      Temps:          0       1       0       0       0
      Totals:         0       2       0       0       0
Total ram usage:        2 bytes
 Hardware stack levels used:    1
 Hardware stack levels required when called:    4
 This function calls:
		_Lcd_Port
 This function is called by:
		_Lcd_Write_String
 This function uses a non-reentrant model


 *************** function _Lcd_Set_Cursor *****************
 Defined at:
		line 29 in file "E:/UVG/Semestre 5/Digital2/Lab3/Lab3.X/LCD.c"
 Parameters:    Size  Location     Type
  a               1    wreg     unsigned char 
  b               1    4[BANK0 ] unsigned char 
 Auto vars:     Size  Location     Type
  a               1    5[BANK0 ] unsigned char 
 Return value:  Size  Location     Type
                  1    wreg      void 
 Registers used:
		wreg, status,2, status,0, pclath, cstack
 Tracked objects:
		On entry : 
		On exit  : 
		Unchanged: 
 Data sizes:     COMMON   BANK0   BANK1   BANK3   BANK2
      Params:         0       1       0       0       0
      Locals:         0       1       0       0       0
      Temps:          0       0       0       0       0
      Totals:         0       2       0       0       0
Total ram usage:        2 bytes
 Hardware stack levels used:    1
 Hardware stack levels required when called:    5
 This function calls:
		_Lcd_Cmd
 This function is called by:
		_main
		_Conversiones
		_Envio_Contador
 This function uses a non-reentrant model


 *************** function _Lcd_Cmd *****************
 Defined at:
		line 17 in file "E:/UVG/Semestre 5/Digital2/Lab3/Lab3.X/LCD.c"
 Parameters:    Size  Location     Type
  a               1    wreg     unsigned char 
 Auto vars:     Size  Location     Type
  a               1    3[BANK0 ] unsigned char 
 Return value:  Size  Location     Type
                  1    wreg      void 
 Registers used:
		wreg, status,2, status,0, pclath, cstack
 Tracked objects:
		On entry : 
		On exit  : 
		Unchanged: 
 Data sizes:     COMMON   BANK0   BANK1   BANK3   BANK2
      Params:         0       0       0       0       0
      Locals:         0       1       0       0       0
      Temps:          0       2       0       0       0
      Totals:         0       3       0       0       0
Total ram usage:        3 bytes
 Hardware stack levels used:    1
 Hardware stack levels required when called:    4
 This function calls:
		_Lcd_Port
 This function is called by:
		_Lcd_Set_Cursor
		_Lcd_Init
		_Lcd_Clear
		_Lcd_Shift_Right
		_Lcd_Shift_Left
 This function uses a non-reentrant model


 *************** function _Lcd_Port *****************
 Defined at:
		line 13 in file "E:/UVG/Semestre 5/Digital2/Lab3/Lab3.X/LCD.c"
 Parameters:    Size  Location     Type
  a               1    wreg     unsigned char 
 Auto vars:     Size  Location     Type
  a               1    0[BANK0 ] unsigned char 
 Return value:  Size  Location     Type
                  1    wreg      void 
 Registers used:
		wreg
 Tracked objects:
		On entry : 
		On exit  : 
		Unchanged: 
 Data sizes:     COMMON   BANK0   BANK1   BANK3   BANK2
      Params:         0       0       0       0       0
      Locals:         0       1       0       0       0
      Temps:          0       0       0       0       0
      Totals:         0       1       0       0       0
Total ram usage:        1 bytes
 Hardware stack levels used:    1
 Hardware stack levels required when called:    3
 This function calls:
		Nothing
 This function is called by:
		_Lcd_Cmd
		_Lcd_Init
		_Lcd_Write_Char
 This function uses a non-reentrant model


 *************** function _Cambio *****************
 Defined at:
		line 78 in file "E:/UVG/Semestre 5/Digital2/Lab3/Lab3.X/LCD.c"
 Parameters:    Size  Location     Type
  numero          1    wreg     unsigned char 
 Auto vars:     Size  Location     Type
  numero          1    2[BANK0 ] unsigned char 
 Return value:  Size  Location     Type
                  1    wreg      PTR const unsigned char 
 Registers used:
		wreg, fsr0l, fsr0h, status,2, status,0
 Tracked objects:
		On entry : 
		On exit  : 
		Unchanged: 
 Data sizes:     COMMON   BANK0   BANK1   BANK3   BANK2
      Params:         0       0       0       0       0
      Locals:         0       1       0       0       0
      Temps:          0       2       0       0       0
      Totals:         0       3       0       0       0
Total ram usage:        3 bytes
 Hardware stack levels used:    1
 Hardware stack levels required when called:    3
 This function calls:
		Nothing
 This function is called by:
		_Conversiones
		_Envio_Contador
 This function uses a non-reentrant model


 *************** function _isr *****************
 Defined at:
		line 70 in file "code.c"
 Parameters:    Size  Location     Type
		None
 Auto vars:     Size  Location     Type
		None
 Return value:  Size  Location     Type
                  1    wreg      void 
 Registers used:
		wreg, fsr0l, fsr0h, status,2, status,0, pclath, cstack
 Tracked objects:
		On entry : 
		On exit  : 
		Unchanged: 
 Data sizes:     COMMON   BANK0   BANK1   BANK3   BANK2
      Params:         0       0       0       0       0
      Locals:         0       0       0       0       0
      Temps:          4       0       0       0       0
      Totals:         4       0       0       0       0
Total ram usage:        4 bytes
 Hardware stack levels used:    1
 Hardware stack levels required when called:    2
 This function calls:
		_Envio
		i1_initADC
 This function is called by:
		Interrupt level 1
 This function uses a non-reentrant model


 *************** function i1_initADC *****************
 Defined at:
		line 6 in file "E:/UVG/Semestre 5/Digital2/Lab3/Lab3.X/ADC.c"
 Parameters:    Size  Location     Type
  ADCS            1    wreg     unsigned char 
  CHS             1    0[COMMON] unsigned char 
 Auto vars:     Size  Location     Type
  ADCS            1    3[COMMON] unsigned char 
 Return value:  Size  Location     Type
                  1    wreg      void 
 Registers used:
		wreg, fsr0l, fsr0h, status,2, status,0
 Tracked objects:
		On entry : 
		On exit  : 
		Unchanged: 
 Data sizes:     COMMON   BANK0   BANK1   BANK3   BANK2
      Params:         1       0       0       0       0
      Locals:         1       0       0       0       0
      Temps:          2       0       0       0       0
      Totals:         4       0       0       0       0
Total ram usage:        4 bytes
 Hardware stack levels used:    1
 This function calls:
		Nothing
 This function is called by:
		_isr
 This function uses a non-reentrant model


 *************** function _Envio *****************
 Defined at:
		line 192 in file "code.c"
 Parameters:    Size  Location     Type
		None
 Auto vars:     Size  Location     Type
  temporal        1    5[COMMON] unsigned char 
 Return value:  Size  Location     Type
                  1    wreg      unsigned char 
 Registers used:
		wreg, fsr0l, fsr0h, status,2, status,0, pclath, cstack
 Tracked objects:
		On entry : 
		On exit  : 
		Unchanged: 
 Data sizes:     COMMON   BANK0   BANK1   BANK3   BANK2
      Params:         0       0       0       0       0
      Locals:         1       0       0       0       0
      Temps:          2       0       0       0       0
      Totals:         3       0       0       0       0
Total ram usage:        3 bytes
 Hardware stack levels used:    1
 Hardware stack levels required when called:    1
 This function calls:
		_ASCII
 This function is called by:
		_isr
 This function uses a non-reentrant model


 *************** function _ASCII *****************
 Defined at:
		line 22 in file "E:/UVG/Semestre 5/Digital2/Lab3/Lab3.X/USART.c"
 Parameters:    Size  Location     Type
  valor           1    wreg     unsigned char 
 Auto vars:     Size  Location     Type
  valor           1    2[COMMON] unsigned char 
 Return value:  Size  Location     Type
                  1    wreg      unsigned char 
 Registers used:
		wreg, fsr0l, fsr0h, status,2, status,0
 Tracked objects:
		On entry : 
		On exit  : 
		Unchanged: 
 Data sizes:     COMMON   BANK0   BANK1   BANK3   BANK2
      Params:         0       0       0       0       0
      Locals:         1       0       0       0       0
      Temps:          2       0       0       0       0
      Totals:         3       0       0       0       0
Total ram usage:        3 bytes
 Hardware stack levels used:    1
 This function calls:
		Nothing
 This function is called by:
		_Envio
 This function uses a non-reentrant model



MODULE INFORMATION

Module		Function		Class		Link	Load	Size
E:/UVG/Semestre 5/Digital2/Lab3/Lab3.X/Oscilador.c
		_initOsc       		CODE           	05F2	0000	94

E:/UVG/Semestre 5/Digital2/Lab3/Lab3.X/Oscilador.c estimated size: 94

E:/UVG/Semestre 5/Digital2/Lab3/Lab3.X/USART.c
		_ASCII         		CODE           	06AE	0000	93
		_initUART      		CODE           	0F11	0000	20

E:/UVG/Semestre 5/Digital2/Lab3/Lab3.X/USART.c estimated size: 113

C:\Program Files\Microchip\xc8\v2.31\pic\sources\c90\common\Umul16.c
		___wmul        		CODE           	0F6F	0000	39

C:\Program Files\Microchip\xc8\v2.31\pic\sources\c90\common\Umul16.c estimated size: 39

C:\Program Files\Microchip\xc8\v2.31\pic\sources\c90\common\lwdiv.c
		___lwdiv       		CODE           	0757	0000	70

C:\Program Files\Microchip\xc8\v2.31\pic\sources\c90\common\lwdiv.c estimated size: 70

C:\Program Files\Microchip\xc8\v2.31\pic\sources\c90\common\awdiv.c
		___awdiv       		CODE           	0589	0000	105

C:\Program Files\Microchip\xc8\v2.31\pic\sources\c90\common\awdiv.c estimated size: 105

shared
		__stringtab    		STRING         	0800	0000	6
		i1_initADC     		CODE           	01FD	0000	231
		__initialization		CODE           	0011	0000	11

shared estimated size: 248

E:/UVG/Semestre 5/Digital2/Lab3/Lab3.X/ADC.c
		_initADC       		CODE           	02E4	0000	200

E:/UVG/Semestre 5/Digital2/Lab3/Lab3.X/ADC.c estimated size: 200

C:\Program Files\Microchip\xc8\v2.31\pic\sources\c90\common\Umul8.c
		___bmul        		CODE           	0F25	0000	23

C:\Program Files\Microchip\xc8\v2.31\pic\sources\c90\common\Umul8.c estimated size: 23

code.c
		_main          		CODE           	070B	0000	76
		_Envio         		CODE           	04FE	0000	139
		_Envio_Contador		CODE           	03AC	0000	172
		_Setup         		CODE           	079D	0000	65
		_isr           		CODE           	0458	0000	166
		_Conversiones  		CODE           	0020	0000	477

code.c estimated size: 1095

E:/UVG/Semestre 5/Digital2/Lab3/Lab3.X/LCD.c
		_Lcd_Write_String		CODE           	0F96	0000	41
		_Lcd_Init      		CODE           	0650	0000	94
		_Lcd_Write_Char		CODE           	0F3C	0000	24
		_Cambio        		CODE           	0FBF	0000	65
		_Lcd_Cmd       		CODE           	0F54	0000	27
		_Lcd_Set_Cursor		CODE           	07DE	0000	30
		_Lcd_Port      		CODE           	0F0B	0000	6

E:/UVG/Semestre 5/Digital2/Lab3/Lab3.X/LCD.c estimated size: 287

