******************************************************************************
                  TI ARM Linker PC v20.2.5                     
******************************************************************************
>> Linked Sun May  9 23:08:26 2021

OUTPUT FILE NAME:   <Lab7.out>
ENTRY POINT SYMBOL: "_c_int00_noargs"  address: 00000bfd


MEMORY CONFIGURATION

         name            origin    length      used     unused   attr    fill
----------------------  --------  ---------  --------  --------  ----  --------
  FLASH                 00000000   00040000  0000106e  0003ef92  R  X
  SRAM                  20000000   00008000  00000474  00007b8c  RW X


SEGMENT ALLOCATION MAP

run origin  load origin   length   init length attrs members
----------  ----------- ---------- ----------- ----- -------
00000000    00000000    00001070   00001070    r-x
  00000000    00000000    0000026c   0000026c    r-- .intvecs
  0000026c    0000026c    00000b3e   00000b3e    r-x .text
  00000dac    00000dac    0000028c   0000028c    r-- .const
  00001038    00001038    00000038   00000038    r-- .cinit
20000000    20000000    00000478   00000000    rw-
  20000000    20000000    0000026c   00000000    rw- .vtable
  20000270    20000270    00000200   00000000    rw- .stack
  20000470    20000470    00000008   00000000    rw- .data


SECTION ALLOCATION MAP

 output                                  attributes/
section   page    origin      length       input sections
--------  ----  ----------  ----------   ----------------
.intvecs   0    00000000    0000026c     
                  00000000    0000026c     tm4c123gh6pm_startup_ccs.obj (.intvecs)

.text      0    0000026c    00000b3e     
                  0000026c    00000224     main.obj (.text)
                  00000490    00000132     driverlib.lib : gpio.obj (.text:GPIOPadConfigSet)
                  000005c2    00000002     --HOLE-- [fill = 0]
                  000005c4    00000110                   : sysctl.obj (.text:SysCtlClockGet)
                  000006d4    000000f4                   : sysctl.obj (.text:SysCtlClockSet)
                  000007c8    0000009c     rtsv7M4_T_le_v4SPD16_eabi.lib : memcpy_t2.asm.obj (.text)
                  00000864    00000068     driverlib.lib : interrupt.obj (.text:IntDisable)
                  000008cc    00000068                   : interrupt.obj (.text:IntEnable)
                  00000934    00000068     rtsv7M4_T_le_v4SPD16_eabi.lib : copy_decompress_lzss.c.obj (.text:decompress:lzss:__TI_decompress_lzss)
                  0000099c    00000060     driverlib.lib : timer.obj (.text:TimerConfigure)
                  000009fc    0000004c                   : timer.obj (.text:_TimerIntNumberGet)
                  00000a48    00000048                   : gpio.obj (.text:GPIOPinConfigure)
                  00000a90    00000046                   : uart.obj (.text:UARTConfigSetExpClk)
                  00000ad6    00000002     --HOLE-- [fill = 0]
                  00000ad8    00000044     rtsv7M4_T_le_v4SPD16_eabi.lib : autoinit.c.obj (.text:__TI_auto_init_nobinit_nopinit:__TI_auto_init_nobinit_nopinit)
                  00000b1c    00000040     driverlib.lib : uart.obj (.text:_UARTIntNumberGet)
                  00000b5c    00000038                   : sysctl.obj (.text:SysCtlPeripheralReady)
                  00000b94    00000034                   : interrupt.obj (.text:IntRegister)
                  00000bc8    00000034                   : sysctl.obj (.text:SysCtlPeripheralEnable)
                  00000bfc    00000034     rtsv7M4_T_le_v4SPD16_eabi.lib : boot_cortex_m.c.obj (.text:_c_int00_noargs:_c_int00_noargs)
                  00000c30    0000002a     driverlib.lib : gpio.obj (.text:GPIODirModeSet)
                  00000c5a    00000002     --HOLE-- [fill = 0]
                  00000c5c    00000020                   : uart.obj (.text:UARTDisable)
                  00000c7c    0000001c     rtsv7M4_T_le_v4SPD16_eabi.lib : copy_zero_init.c.obj (.text:decompress:ZI:__TI_zero_init_nomemset:__TI_zero_init_nomemset)
                  00000c98    00000018     driverlib.lib : gpio.obj (.text:GPIOPinTypeGPIOOutput)
                  00000cb0    00000018                   : timer.obj (.text:TimerIntRegister)
                  00000cc8    00000018                   : uart.obj (.text:UARTIntRegister)
                  00000ce0    00000014                   : uart.obj (.text:UARTEnable)
                  00000cf4    00000012                   : gpio.obj (.text:GPIOPinTypeUART)
                  00000d06    00000012                   : timer.obj (.text:TimerLoadSet)
                  00000d18    00000010                   : interrupt.obj (.text:IntMasterEnable)
                  00000d28    0000000e                   : timer.obj (.text:TimerEnable)
                  00000d36    0000000e                   : uart.obj (.text:UARTCharsAvail)
                  00000d44    0000000e     rtsv7M4_T_le_v4SPD16_eabi.lib : copy_decompress_none.c.obj (.text:decompress:none:__TI_decompress_none)
                  00000d52    0000000c     driverlib.lib : cpu.obj (.text:CPUcpsie)
                  00000d5e    0000000c     tm4c123gh6pm_startup_ccs.obj (.text)
                  00000d6a    0000000a     driverlib.lib : uart.obj (.text:UARTCharGet)
                  00000d74    0000000a                   : uart.obj (.text:UARTFIFOEnable)
                  00000d7e    00000008                   : timer.obj (.text:TimerIntEnable)
                  00000d86    00000008                   : uart.obj (.text:UARTIntEnable)
                  00000d8e    00000006                   : gpio.obj (.text:GPIOPinWrite)
                  00000d94    00000006                   : sysctl.obj (.text:SysCtlDelay)
                  00000d9a    00000004                   : timer.obj (.text:TimerIntClear)
                  00000d9e    00000004                   : uart.obj (.text:UARTIntClear)
                  00000da2    00000004     rtsv7M4_T_le_v4SPD16_eabi.lib : pre_init.c.obj (.text:_system_pre_init)
                  00000da6    00000004                                   : exit.c.obj (.text:abort:abort)

.const     0    00000dac    0000028c     
                  00000dac    00000090     driverlib.lib : gpio.obj (.const:g_pui32GPIOBaseAddrs)
                  00000e3c    00000070                   : interrupt.obj (.const)
                  00000eac    0000006c                   : sysctl.obj (.const:g_pui32Xtals)
                  00000f18    00000060                   : timer.obj (.const:g_ppui32TimerIntMap)
                  00000f78    00000040                   : timer.obj (.const:g_ppui32TimerIntMapSnowflake)
                  00000fb8    00000040                   : uart.obj (.const:g_ppui32UARTIntMap)
                  00000ff8    00000040                   : uart.obj (.const:g_ppui32UARTIntMapSnowflake)

.cinit     0    00001038    00000038     
                  00001038    0000000d     (.cinit..data.load) [load image, compression = lzss]
                  00001045    00000003     --HOLE-- [fill = 0]
                  00001048    0000000c     (__TI_handler_table)
                  00001054    00000004     --HOLE-- [fill = 0]
                  00001058    00000008     (.cinit..vtable.load) [load image, compression = zero_init]
                  00001060    00000010     (__TI_cinit_table)

.init_array 
*          0    00000000    00000000     UNINITIALIZED

.vtable    0    20000000    0000026c     UNINITIALIZED
                  20000000    0000026c     driverlib.lib : interrupt.obj (.vtable)

.data      0    20000470    00000008     UNINITIALIZED
                  20000470    00000008     main.obj (.data)

.stack     0    20000270    00000200     UNINITIALIZED
                  20000270    00000004     rtsv7M4_T_le_v4SPD16_eabi.lib : boot_cortex_m.c.obj (.stack)
                  20000274    000001fc     --HOLE--

__llvm_prf_cnts 
*          0    20000000    00000000     UNINITIALIZED

MODULE SUMMARY

       Module                         code   ro data   rw data
       ------                         ----   -------   -------
    .\
       tm4c123gh6pm_startup_ccs.obj   12     620       0      
       main.obj                       548    0         8      
    +--+------------------------------+------+---------+---------+
       Total:                         560    620       8      
                                                              
    C:/ti/TivaWare_C_Series-2.1.4.178/driverlib/ccs/Debug/driverlib.lib
       interrupt.obj                  276    112       620    
       sysctl.obj                     630    108       0      
       gpio.obj                       468    144       0      
       timer.obj                      240    160       0      
       uart.obj                       256    128       0      
       cpu.obj                        12     0         0      
    +--+------------------------------+------+---------+---------+
       Total:                         1882   652       620    
                                                              
    C:\ti\ccs1030\ccs\tools\compiler\ti-cgt-arm_20.2.5.LTS\lib\rtsv7M4_T_le_v4SPD16_eabi.lib
       memcpy_t2.asm.obj              156    0         0      
       copy_decompress_lzss.c.obj     104    0         0      
       autoinit.c.obj                 68     0         0      
       boot_cortex_m.c.obj            52     0         0      
       copy_zero_init.c.obj           28     0         0      
       copy_decompress_none.c.obj     14     0         0      
       exit.c.obj                     4      0         0      
       pre_init.c.obj                 4      0         0      
    +--+------------------------------+------+---------+---------+
       Total:                         430    0         0      
                                                              
       Stack:                         0      0         512    
       Linker Generated:              0      49        0      
    +--+------------------------------+------+---------+---------+
       Grand Total:                   2872   1321      1140   


LINKER GENERATED COPY TABLES

__TI_cinit_table @ 00001060 records: 2, size/record: 8, table size: 16
	.data: load addr=00001038, load size=0000000d bytes, run addr=20000470, run size=00000008 bytes, compression=lzss
	.vtable: load addr=00001058, load size=00000008 bytes, run addr=20000000, run size=0000026c bytes, compression=zero_init


LINKER GENERATED HANDLER TABLE

__TI_handler_table @ 00001048 records: 3, size/record: 4, table size: 12
	index: 0, handler: __TI_zero_init
	index: 1, handler: __TI_decompress_lzss
	index: 2, handler: __TI_decompress_none


GLOBAL SYMBOLS: SORTED ALPHABETICALLY BY Name 

address   name                          
-------   ----                          
00000da7  C$$EXIT                       
00000d53  CPUcpsie                      
20000477  FLAG                          
00000c31  GPIODirModeSet                
00000491  GPIOPadConfigSet              
00000a49  GPIOPinConfigure              
00000c99  GPIOPinTypeGPIOOutput         
00000cf5  GPIOPinTypeUART               
00000d8f  GPIOPinWrite                  
00000865  IntDisable                    
000008cd  IntEnable                     
00000d19  IntMasterEnable               
00000b95  IntRegister                   
20000470  LED                           
00000d5f  ResetISR                      
000005c5  SysCtlClockGet                
000006d5  SysCtlClockSet                
00000d95  SysCtlDelay                   
00000bc9  SysCtlPeripheralEnable        
00000b5d  SysCtlPeripheralReady         
00000359  Timer0IntHandler              
0000099d  TimerConfigure                
00000d29  TimerEnable                   
00000d9b  TimerIntClear                 
00000d7f  TimerIntEnable                
00000cb1  TimerIntRegister              
00000d07  TimerLoadSet                  
00000d6b  UARTCharGet                   
00000d37  UARTCharsAvail                
00000a91  UARTConfigSetExpClk           
00000c5d  UARTDisable                   
00000ce1  UARTEnable                    
00000d75  UARTFIFOEnable                
00000d9f  UARTIntClear                  
00000d87  UARTIntEnable                 
0000039d  UARTIntHandler                
00000cc9  UARTIntRegister               
20000470  __STACK_END                   
00000200  __STACK_SIZE                  
20000470  __STACK_TOP                   
00001060  __TI_CINIT_Base               
00001070  __TI_CINIT_Limit              
00001048  __TI_Handler_Table_Base       
00001054  __TI_Handler_Table_Limit      
00000ad9  __TI_auto_init_nobinit_nopinit
00000935  __TI_decompress_lzss          
00000d45  __TI_decompress_none          
ffffffff  __TI_pprof_out_hndl           
ffffffff  __TI_prof_data_size           
ffffffff  __TI_prof_data_start          
00000000  __TI_static_base__            
00000c7d  __TI_zero_init_nomemset       
000007c9  __aeabi_memcpy                
000007c9  __aeabi_memcpy4               
000007c9  __aeabi_memcpy8               
ffffffff  __binit__                     
ffffffff  __c_args__                    
UNDEFED   __mpu_init                    
20000270  __stack                       
20000000  __start___llvm_prf_cnts       
20000000  __stop___llvm_prf_cnts        
00000bfd  _c_int00_noargs               
UNDEFED   _system_post_cinit            
00000da3  _system_pre_init              
00000da7  abort                         
ffffffff  binit                         
20000000  g_pfnRAMVectors               
00000000  g_pfnVectors                  
0000026d  main                          
000007c9  memcpy                        
20000474  temporal                      
20000475  temporal2                     
20000476  time                          


GLOBAL SYMBOLS: SORTED BY Symbol Address 

address   name                          
-------   ----                          
00000000  __TI_static_base__            
00000000  g_pfnVectors                  
00000200  __STACK_SIZE                  
0000026d  main                          
00000359  Timer0IntHandler              
0000039d  UARTIntHandler                
00000491  GPIOPadConfigSet              
000005c5  SysCtlClockGet                
000006d5  SysCtlClockSet                
000007c9  __aeabi_memcpy                
000007c9  __aeabi_memcpy4               
000007c9  __aeabi_memcpy8               
000007c9  memcpy                        
00000865  IntDisable                    
000008cd  IntEnable                     
00000935  __TI_decompress_lzss          
0000099d  TimerConfigure                
00000a49  GPIOPinConfigure              
00000a91  UARTConfigSetExpClk           
00000ad9  __TI_auto_init_nobinit_nopinit
00000b5d  SysCtlPeripheralReady         
00000b95  IntRegister                   
00000bc9  SysCtlPeripheralEnable        
00000bfd  _c_int00_noargs               
00000c31  GPIODirModeSet                
00000c5d  UARTDisable                   
00000c7d  __TI_zero_init_nomemset       
00000c99  GPIOPinTypeGPIOOutput         
00000cb1  TimerIntRegister              
00000cc9  UARTIntRegister               
00000ce1  UARTEnable                    
00000cf5  GPIOPinTypeUART               
00000d07  TimerLoadSet                  
00000d19  IntMasterEnable               
00000d29  TimerEnable                   
00000d37  UARTCharsAvail                
00000d45  __TI_decompress_none          
00000d53  CPUcpsie                      
00000d5f  ResetISR                      
00000d6b  UARTCharGet                   
00000d75  UARTFIFOEnable                
00000d7f  TimerIntEnable                
00000d87  UARTIntEnable                 
00000d8f  GPIOPinWrite                  
00000d95  SysCtlDelay                   
00000d9b  TimerIntClear                 
00000d9f  UARTIntClear                  
00000da3  _system_pre_init              
00000da7  C$$EXIT                       
00000da7  abort                         
00001048  __TI_Handler_Table_Base       
00001054  __TI_Handler_Table_Limit      
00001060  __TI_CINIT_Base               
00001070  __TI_CINIT_Limit              
20000000  __start___llvm_prf_cnts       
20000000  __stop___llvm_prf_cnts        
20000000  g_pfnRAMVectors               
20000270  __stack                       
20000470  LED                           
20000470  __STACK_END                   
20000470  __STACK_TOP                   
20000474  temporal                      
20000475  temporal2                     
20000476  time                          
20000477  FLAG                          
ffffffff  __TI_pprof_out_hndl           
ffffffff  __TI_prof_data_size           
ffffffff  __TI_prof_data_start          
ffffffff  __binit__                     
ffffffff  __c_args__                    
ffffffff  binit                         
UNDEFED   __mpu_init                    
UNDEFED   _system_post_cinit            

[73 symbols]
