******************************************************************************
                  TI ARM Linker PC v20.2.5                     
******************************************************************************
>> Linked Fri May  7 01:22:21 2021

OUTPUT FILE NAME:   <Lab7.out>
ENTRY POINT SYMBOL: "_c_int00_noargs"  address: 00000a79


MEMORY CONFIGURATION

         name            origin    length      used     unused   attr    fill
----------------------  --------  ---------  --------  --------  ----  --------
  FLASH                 00000000   00040000  00000e52  0003f1ae  R  X
  SRAM                  20000000   00008000  00000470  00007b90  RW X


SEGMENT ALLOCATION MAP

run origin  load origin   length   init length attrs members
----------  ----------- ---------- ----------- ----- -------
00000000    00000000    00000e58   00000e58    r-x
  00000000    00000000    0000026c   0000026c    r-- .intvecs
  0000026c    0000026c    000009ba   000009ba    r-x .text
  00000c28    00000c28    000001fc   000001fc    r-- .const
  00000e28    00000e28    00000030   00000030    r-- .cinit
20000000    20000000    00000470   00000000    rw-
  20000000    20000000    0000026c   00000000    rw- .vtable
  2000026c    2000026c    00000004   00000000    rw- .data
  20000270    20000270    00000200   00000000    rw- .stack


SECTION ALLOCATION MAP

 output                                  attributes/
section   page    origin      length       input sections
--------  ----  ----------  ----------   ----------------
.intvecs   0    00000000    0000026c     
                  00000000    0000026c     tm4c123gh6pm_startup_ccs.obj (.intvecs)

.text      0    0000026c    000009ba     
                  0000026c    00000150     main.obj (.text)
                  000003bc    00000132     driverlib.lib : gpio.obj (.text:GPIOPadConfigSet)
                  000004ee    00000002     --HOLE-- [fill = 0]
                  000004f0    00000110                   : sysctl.obj (.text:SysCtlClockGet)
                  00000600    000000f4                   : sysctl.obj (.text:SysCtlClockSet)
                  000006f4    0000009c     rtsv7M4_T_le_v4SPD16_eabi.lib : memcpy_t2.asm.obj (.text)
                  00000790    00000068     driverlib.lib : interrupt.obj (.text:IntEnable)
                  000007f8    00000068     rtsv7M4_T_le_v4SPD16_eabi.lib : copy_decompress_lzss.c.obj (.text:decompress:lzss:__TI_decompress_lzss)
                  00000860    00000060     driverlib.lib : timer.obj (.text:TimerConfigure)
                  000008c0    0000004c                   : timer.obj (.text:_TimerIntNumberGet)
                  0000090c    00000046                   : uart.obj (.text:UARTConfigSetExpClk)
                  00000952    00000002     --HOLE-- [fill = 0]
                  00000954    00000044     rtsv7M4_T_le_v4SPD16_eabi.lib : autoinit.c.obj (.text:__TI_auto_init_nobinit_nopinit:__TI_auto_init_nobinit_nopinit)
                  00000998    00000040     driverlib.lib : uart.obj (.text:_UARTIntNumberGet)
                  000009d8    00000038                   : sysctl.obj (.text:SysCtlPeripheralReady)
                  00000a10    00000034                   : interrupt.obj (.text:IntRegister)
                  00000a44    00000034                   : sysctl.obj (.text:SysCtlPeripheralEnable)
                  00000a78    00000034     rtsv7M4_T_le_v4SPD16_eabi.lib : boot_cortex_m.c.obj (.text:_c_int00_noargs:_c_int00_noargs)
                  00000aac    0000002a     driverlib.lib : gpio.obj (.text:GPIODirModeSet)
                  00000ad6    00000002     --HOLE-- [fill = 0]
                  00000ad8    00000020                   : uart.obj (.text:UARTDisable)
                  00000af8    0000001c     rtsv7M4_T_le_v4SPD16_eabi.lib : copy_zero_init.c.obj (.text:decompress:ZI:__TI_zero_init_nomemset:__TI_zero_init_nomemset)
                  00000b14    00000018     driverlib.lib : gpio.obj (.text:GPIOPinTypeGPIOOutput)
                  00000b2c    00000018                   : timer.obj (.text:TimerIntRegister)
                  00000b44    00000018                   : uart.obj (.text:UARTIntRegister)
                  00000b5c    00000014                   : uart.obj (.text:UARTEnable)
                  00000b70    00000012                   : gpio.obj (.text:GPIOPinTypeUART)
                  00000b82    00000012                   : timer.obj (.text:TimerLoadSet)
                  00000b94    00000010                   : interrupt.obj (.text:IntMasterEnable)
                  00000ba4    0000000e                   : timer.obj (.text:TimerEnable)
                  00000bb2    0000000e                   : uart.obj (.text:UARTCharGetNonBlocking)
                  00000bc0    0000000e                   : uart.obj (.text:UARTCharsAvail)
                  00000bce    0000000e     rtsv7M4_T_le_v4SPD16_eabi.lib : copy_decompress_none.c.obj (.text:decompress:none:__TI_decompress_none)
                  00000bdc    0000000c     driverlib.lib : cpu.obj (.text:CPUcpsie)
                  00000be8    0000000c     tm4c123gh6pm_startup_ccs.obj (.text)
                  00000bf4    00000008     driverlib.lib : timer.obj (.text:TimerIntEnable)
                  00000bfc    00000008                   : uart.obj (.text:UARTIntEnable)
                  00000c04    00000006                   : gpio.obj (.text:GPIOPinRead)
                  00000c0a    00000006                   : gpio.obj (.text:GPIOPinWrite)
                  00000c10    00000006                   : sysctl.obj (.text:SysCtlDelay)
                  00000c16    00000004                   : timer.obj (.text:TimerIntClear)
                  00000c1a    00000004                   : uart.obj (.text:UARTIntClear)
                  00000c1e    00000004     rtsv7M4_T_le_v4SPD16_eabi.lib : pre_init.c.obj (.text:_system_pre_init)
                  00000c22    00000004                                   : exit.c.obj (.text:abort:abort)

.const     0    00000c28    000001fc     
                  00000c28    00000070     driverlib.lib : interrupt.obj (.const)
                  00000c98    0000006c                   : sysctl.obj (.const:g_pui32Xtals)
                  00000d04    00000060                   : timer.obj (.const:g_ppui32TimerIntMap)
                  00000d64    00000040                   : timer.obj (.const:g_ppui32TimerIntMapSnowflake)
                  00000da4    00000040                   : uart.obj (.const:g_ppui32UARTIntMap)
                  00000de4    00000040                   : uart.obj (.const:g_ppui32UARTIntMapSnowflake)

.cinit     0    00000e28    00000030     
                  00000e28    0000000c     (__TI_handler_table)
                  00000e34    00000008     (.cinit..data.load) [load image, compression = lzss]
                  00000e3c    00000004     --HOLE-- [fill = 0]
                  00000e40    00000008     (.cinit..vtable.load) [load image, compression = zero_init]
                  00000e48    00000010     (__TI_cinit_table)

.init_array 
*          0    00000000    00000000     UNINITIALIZED

.vtable    0    20000000    0000026c     UNINITIALIZED
                  20000000    0000026c     driverlib.lib : interrupt.obj (.vtable)

.data      0    2000026c    00000004     UNINITIALIZED
                  2000026c    00000004     main.obj (.data)

.stack     0    20000270    00000200     UNINITIALIZED
                  20000270    00000004     rtsv7M4_T_le_v4SPD16_eabi.lib : boot_cortex_m.c.obj (.stack)
                  20000274    000001fc     --HOLE--

__llvm_prf_cnts 
*          0    20000000    00000000     UNINITIALIZED

MODULE SUMMARY

       Module                         code   ro data   rw data
       ------                         ----   -------   -------
    .\
       tm4c123gh6pm_startup_ccs.obj   12     620       0      
       main.obj                       336    0         4      
    +--+------------------------------+------+---------+---------+
       Total:                         348    620       4      
                                                              
    C:/ti/TivaWare_C_Series-2.1.4.178/driverlib/ccs/Debug/driverlib.lib
       interrupt.obj                  172    112       620    
       sysctl.obj                     630    108       0      
       gpio.obj                       402    0         0      
       timer.obj                      240    160       0      
       uart.obj                       250    128       0      
       cpu.obj                        12     0         0      
    +--+------------------------------+------+---------+---------+
       Total:                         1706   508       620    
                                                              
    C:\ti\ccs1030\ccs\tools\compiler\ti-cgt-arm_20.2.5.LTS\lib\rtsv7M4_T_le_v4SPD16_eabi.lib
       memcpy_t2.asm.obj              156    0         0      
       copy_decompress_lzss.c.obj     104    0         0      
       autoinit.c.obj                 68     0         0      
       boot_cortex_m.c.obj            52     0         0      
       copy_zero_init.c.obj           28     0         0      
       copy_decompress_none.c.obj     14     0         0      
       exit.c.obj                     4      0         0      
       pre_init.c.obj                 4      0         0      
    +--+------------------------------+------+---------+---------+
       Total:                         430    0         0      
                                                              
       Stack:                         0      0         512    
       Linker Generated:              0      44        0      
    +--+------------------------------+------+---------+---------+
       Grand Total:                   2484   1172      1136   


LINKER GENERATED COPY TABLES

__TI_cinit_table @ 00000e48 records: 2, size/record: 8, table size: 16
	.data: load addr=00000e34, load size=00000008 bytes, run addr=2000026c, run size=00000004 bytes, compression=lzss
	.vtable: load addr=00000e40, load size=00000008 bytes, run addr=20000000, run size=0000026c bytes, compression=zero_init


LINKER GENERATED HANDLER TABLE

__TI_handler_table @ 00000e28 records: 3, size/record: 4, table size: 12
	index: 0, handler: __TI_zero_init
	index: 1, handler: __TI_decompress_lzss
	index: 2, handler: __TI_decompress_none


GLOBAL SYMBOLS: SORTED ALPHABETICALLY BY Name 

address   name                          
-------   ----                          
00000c23  C$$EXIT                       
00000bdd  CPUcpsie                      
00000aad  GPIODirModeSet                
000003bd  GPIOPadConfigSet              
00000c05  GPIOPinRead                   
00000b15  GPIOPinTypeGPIOOutput         
00000b71  GPIOPinTypeUART               
00000c0b  GPIOPinWrite                  
00000791  IntEnable                     
00000b95  IntMasterEnable               
00000a11  IntRegister                   
2000026c  LED                           
00000be9  ResetISR                      
000004f1  SysCtlClockGet                
00000601  SysCtlClockSet                
00000c11  SysCtlDelay                   
00000a45  SysCtlPeripheralEnable        
000009d9  SysCtlPeripheralReady         
00000327  Timer0IntHandler              
00000861  TimerConfigure                
00000ba5  TimerEnable                   
00000c17  TimerIntClear                 
00000bf5  TimerIntEnable                
00000b2d  TimerIntRegister              
00000b83  TimerLoadSet                  
00000bb3  UARTCharGetNonBlocking        
00000bc1  UARTCharsAvail                
0000090d  UARTConfigSetExpClk           
00000ad9  UARTDisable                   
00000b5d  UARTEnable                    
00000c1b  UARTIntClear                  
00000bfd  UARTIntEnable                 
0000034b  UARTIntHandler                
00000b45  UARTIntRegister               
20000470  __STACK_END                   
00000200  __STACK_SIZE                  
20000470  __STACK_TOP                   
00000e48  __TI_CINIT_Base               
00000e58  __TI_CINIT_Limit              
00000e28  __TI_Handler_Table_Base       
00000e34  __TI_Handler_Table_Limit      
00000955  __TI_auto_init_nobinit_nopinit
000007f9  __TI_decompress_lzss          
00000bcf  __TI_decompress_none          
ffffffff  __TI_pprof_out_hndl           
ffffffff  __TI_prof_data_size           
ffffffff  __TI_prof_data_start          
00000000  __TI_static_base__            
00000af9  __TI_zero_init_nomemset       
000006f5  __aeabi_memcpy                
000006f5  __aeabi_memcpy4               
000006f5  __aeabi_memcpy8               
ffffffff  __binit__                     
ffffffff  __c_args__                    
UNDEFED   __mpu_init                    
20000270  __stack                       
20000000  __start___llvm_prf_cnts       
20000000  __stop___llvm_prf_cnts        
00000a79  _c_int00_noargs               
UNDEFED   _system_post_cinit            
00000c1f  _system_pre_init              
00000c23  abort                         
ffffffff  binit                         
20000000  g_pfnRAMVectors               
00000000  g_pfnVectors                  
0000026d  main                          
000006f5  memcpy                        


GLOBAL SYMBOLS: SORTED BY Symbol Address 

address   name                          
-------   ----                          
00000000  __TI_static_base__            
00000000  g_pfnVectors                  
00000200  __STACK_SIZE                  
0000026d  main                          
00000327  Timer0IntHandler              
0000034b  UARTIntHandler                
000003bd  GPIOPadConfigSet              
000004f1  SysCtlClockGet                
00000601  SysCtlClockSet                
000006f5  __aeabi_memcpy                
000006f5  __aeabi_memcpy4               
000006f5  __aeabi_memcpy8               
000006f5  memcpy                        
00000791  IntEnable                     
000007f9  __TI_decompress_lzss          
00000861  TimerConfigure                
0000090d  UARTConfigSetExpClk           
00000955  __TI_auto_init_nobinit_nopinit
000009d9  SysCtlPeripheralReady         
00000a11  IntRegister                   
00000a45  SysCtlPeripheralEnable        
00000a79  _c_int00_noargs               
00000aad  GPIODirModeSet                
00000ad9  UARTDisable                   
00000af9  __TI_zero_init_nomemset       
00000b15  GPIOPinTypeGPIOOutput         
00000b2d  TimerIntRegister              
00000b45  UARTIntRegister               
00000b5d  UARTEnable                    
00000b71  GPIOPinTypeUART               
00000b83  TimerLoadSet                  
00000b95  IntMasterEnable               
00000ba5  TimerEnable                   
00000bb3  UARTCharGetNonBlocking        
00000bc1  UARTCharsAvail                
00000bcf  __TI_decompress_none          
00000bdd  CPUcpsie                      
00000be9  ResetISR                      
00000bf5  TimerIntEnable                
00000bfd  UARTIntEnable                 
00000c05  GPIOPinRead                   
00000c0b  GPIOPinWrite                  
00000c11  SysCtlDelay                   
00000c17  TimerIntClear                 
00000c1b  UARTIntClear                  
00000c1f  _system_pre_init              
00000c23  C$$EXIT                       
00000c23  abort                         
00000e28  __TI_Handler_Table_Base       
00000e34  __TI_Handler_Table_Limit      
00000e48  __TI_CINIT_Base               
00000e58  __TI_CINIT_Limit              
20000000  __start___llvm_prf_cnts       
20000000  __stop___llvm_prf_cnts        
20000000  g_pfnRAMVectors               
2000026c  LED                           
20000270  __stack                       
20000470  __STACK_END                   
20000470  __STACK_TOP                   
ffffffff  __TI_pprof_out_hndl           
ffffffff  __TI_prof_data_size           
ffffffff  __TI_prof_data_start          
ffffffff  __binit__                     
ffffffff  __c_args__                    
ffffffff  binit                         
UNDEFED   __mpu_init                    
UNDEFED   _system_post_cinit            

[67 symbols]
