Microchip MPLAB XC8 Compiler V2.31

Linker command line:

-W-3 --edf=C:\Program Files\Microchip\xc8\v2.31\pic\dat\en_msgs.txt -cn \
  -h+dist/default/production\Proyecto1.X.production.sym \
  --cmf=dist/default/production\Proyecto1.X.production.cmf -z -Q16F887 \
  -oC:\Users\Ricardo\AppData\Local\Temp\sbio.2 --defsym=__MPLAB_BUILD=1 \
  -Mdist/default/production/Proyecto1.X.production.map -E1 \
  -ver=XC8 Compiler --acfsm=1493 -ASTACK=0110h-016Fh -pstack=STACK \
  -ACODE=00h-07FFhx4 -ASTRCODE=00h-01FFFh -ASTRING=00h-0FFhx32 \
  -ACONST=00h-0FFhx32 -AENTRY=00h-0FFhx32 -ACOMMON=070h-07Fh \
  -ABANK0=020h-06Fh -ABANK1=0A0h-0EFh -ABANK2=0110h-016Fh \
  -ABANK3=0190h-01EFh -ARAM=020h-06Fh,0A0h-0EFh,0110h-016Fh,0190h-01EFh \
  -AABS1=020h-07Fh,0A0h-0EFh,0110h-016Fh,0190h-01EFh -ASFR0=00h-01Fh \
  -ASFR1=080h-09Fh -ASFR2=0100h-010Fh -ASFR3=0180h-018Fh \
  -ACONFIG=02007h-02008h -DCONFIG=2 -AIDLOC=02000h-02003h -DIDLOC=2 \
  -AEEDATA=00h-0FFh/02100h -peeprom_data=EEDATA -DEEDATA=2 -DCODE=2 \
  -DSTRCODE=2 -DSTRING=2 -DCONST=2 -DENTRY=2 \
  -preset_vec=00h,intentry=04h,init,end_init -ppowerup=CODE -pcinit=CODE \
  -pfunctab=ENTRY -k C:\Users\Ricardo\AppData\Local\Temp\sbio.o \
  dist/default/production\Proyecto1.X.production.o 

Object code version is 3.11

Machine type is 16F887



                Name                               Link     Load   Length Selector   Space Scale
C:\Users\Ricardo\AppData\Local\Temp\sbio.o
                end_init                              C        C        3        8       0
                reset_vec                             0        0        3        0       0
                config                             2007     2007        2        0       4
dist/default/production\Proyecto1.X.production.o
                cinit                                 F        F        7        8       0
                intentry                              4        4        8        8       0
                config                             2007     2007        2        0       4
                text18                              406      406        9      652       0
                text17                              2BC      2BC       3F        8       0
                text16                              41C      41C        6      652       0
                text15                              3B8      3B8       1A      652       0
                text14                              39C      39C       1C      652       0
                text13                              3E8      3E8       15      652       0
                text12                              377      377       25      652       0
                text11                               FF       FF       69        8       0
                text10                              278      278       44        8       0
                text9                               352      352       25      652       0
                text8                                16       16       E9        8       0
                text7                               223      223       55        8       0
                text6                               1C7      1C7       5C        8       0
                text5                               3D2      3D2       16      652       0
                text4                               329      329       29      652       0
                text3                               40F      40F        7      652       0
                text2                               3FD      3FD        9      652       0
                text1                               416      416        6      652       0
                maintext                            168      168       5F        8       0
                cstackBANK0                          20       20        F       20       1
                cstackCOMMON                         70       70        C       70       1
                bssBANK0                             2F       2F        1       20       1
                strings                             300      300       29      600       0

TOTAL           Name                               Link     Load   Length     Space
        CLASS   STACK          

        CLASS   CODE           
                end_init                              C        C        3         0
                cinit                                 F        F        7         0
                intentry                              4        4        8         0
                reset_vec                             0        0        3         0
                text18                              406      406        9         0
                text17                              2BC      2BC       3F         0
                text16                              41C      41C        6         0
                text15                              3B8      3B8       1A         0
                text14                              39C      39C       1C         0
                text13                              3E8      3E8       15         0
                text12                              377      377       25         0
                text11                               FF       FF       69         0
                text10                              278      278       44         0
                text9                               352      352       25         0
                text8                                16       16       E9         0
                text7                               223      223       55         0
                text6                               1C7      1C7       5C         0
                text5                               3D2      3D2       16         0
                text4                               329      329       29         0
                text3                               40F      40F        7         0
                text2                               3FD      3FD        9         0
                text1                               416      416        6         0
                maintext                            168      168       5F         0

        CLASS   STRCODE        

        CLASS   STRING         
                strings                             300      300       29         0

        CLASS   CONST          

        CLASS   ENTRY          

        CLASS   COMMON         
                cstackCOMMON                         70       70        C         1

        CLASS   BANK0          
                cstackBANK0                          20       20        F         1
                bssBANK0                             2F       2F        1         1

        CLASS   BANK1          

        CLASS   BANK2          

        CLASS   BANK3          

        CLASS   RAM            

        CLASS   ABS1           
                abs_s1                               7E       7E        2         1

        CLASS   SFR0           

        CLASS   SFR1           

        CLASS   SFR2           

        CLASS   SFR3           

        CLASS   CONFIG         
                config                             2007     2007        2         4

        CLASS   IDLOC          

        CLASS   EEDATA         



SEGMENTS        Name                           Load    Length   Top    Selector   Space  Class     Delta

                reset_vec                      000000  000003  000003         0       0  CODE        2
                intentry                       000004  0002F7  0002FB         8       0  CODE        2
                cstackBANK0                    000020  000010  000030        20       1  BANK0       1
                cstackCOMMON                   000070  00000C  00007C        70       1  COMMON      1
                strings                        000300  000029  000329       600       0  STRING      2
                text4                          000329  0000F9  000422       652       0  CODE        2


UNUSED ADDRESS RANGES

        Name                Unused          Largest block    Delta
        BANK0            0030-006F             40           1
        BANK1            00A0-00EF             50           1
        BANK2            0110-016F             60           1
        BANK3            0190-01EF             60           1
        CODE             0003-0003              1           2
                         02FB-02FF              5
                         0422-1FFF            800
        COMMON           007C-007D              2           1
        CONST            0003-0003              1           2
                         02FB-02FF              5
                         0422-1FFF            100
        EEDATA           2100-21FF            100           2
        ENTRY            0003-0003              1           2
                         02FB-02FF              5
                         0422-1FFF            100
        IDLOC            2000-2003              4           2
        RAM              0030-006F             40           1
                         00A0-00EF             50
                         0110-016F             60
                         0190-01EF             60
        SFR0             0000-001F             20           1
        SFR1             0080-009F             20           1
        SFR2             0100-010F             10           1
        SFR3             0180-018F             10           1
        STACK            0110-016F             60           1
        STRCODE          0003-0003              1           2
                         02FB-02FF              5
                         0422-1FFF           1BDE
        STRING           0003-0003              1           2
                         02FB-02FF              5
                         0422-1FFF            100

                                  Symbol Table

?___awdiv                  cstackCOMMON 0078
?___lwdiv                  cstackCOMMON 0072
?___wmul                   cstackCOMMON 0072
Cambio@numero              cstackCOMMON 0074
Conversiones@centimas      cstackBANK0  0027
Conversiones@decimas       cstackBANK0  0029
Conversiones@temporal      cstackBANK0  002A
Conversiones@unidades      cstackBANK0  0028
Lcd_Cmd@a                  cstackCOMMON 0075
Lcd_Port@a                 cstackCOMMON 0072
Lcd_Set_Cursor@a           cstackCOMMON 0077
Lcd_Set_Cursor@b           cstackCOMMON 0076
Lcd_Write_Char@a           cstackCOMMON 0074
Lcd_Write_String@a         cstackCOMMON 0077
Lcd_Write_String@i         cstackCOMMON 0075
_ANSEL                     (abs)        0188
_ANSELH                    (abs)        0189
_Cambio                    text17       02BC
_Conversiones              text8        0016
_INTCONbits                (abs)        000B
_Lcd_Cmd                   text15       03B8
_Lcd_Init                  text7        0223
_Lcd_Port                  text16       041C
_Lcd_Set_Cursor            text14       039C
_Lcd_Write_Char            text13       03E8
_Lcd_Write_String          text12       0377
_OSCCONbits                (abs)        008F
_PIR1bits                  (abs)        000C
_PORTA                     (abs)        0005
_PORTB                     (abs)        0006
_PORTC                     (abs)        0007
_PORTD                     (abs)        0008
_PORTE                     (abs)        0009
_PORTEbits                 (abs)        0009
_SSPBUF                    (abs)        0013
_SSPCON                    (abs)        0014
_SSPSTAT                   (abs)        0094
_SSPSTATbits               (abs)        0094
_Setup                     text4        0329
_TRISA                     (abs)        0085
_TRISB                     (abs)        0086
_TRISC                     (abs)        0087
_TRISC3                    (abs)        043B
_TRISC5                    (abs)        043D
_TRISD                     (abs)        0088
_TRISE                     (abs)        0089
_VAR_ADC                   bssBANK0     002F
__Habs1                    abs1         0000
__Hbank0                   bank0        0000
__Hbank1                   bank1        0000
__Hbank2                   bank2        0000
__Hbank3                   bank3        0000
__HbssBANK0                bssBANK0     0000
__Hcinit                   cinit        0016
__Hclrtext                 clrtext      0000
__Hcode                    code         0000
__Hcommon                  common       0000
__Hconfig                  config       2009
__HcstackBANK0             cstackBANK0  0000
__HcstackCOMMON            cstackCOMMON 0000
__Heeprom_data             eeprom_data  0000
__Hend_init                end_init     000F
__Hfunctab                 functab      0000
__Hinit                    init         000C
__Hintentry                intentry     000C
__Hmaintext                maintext     0000
__Hpowerup                 powerup      0000
__Hram                     ram          0000
__Hreset_vec               reset_vec    0003
__Hsfr0                    sfr0         0000
__Hsfr1                    sfr1         0000
__Hsfr2                    sfr2         0000
__Hsfr3                    sfr3         0000
__Hspace_0                 (abs)        0422
__Hspace_1                 (abs)        007C
__Hspace_2                 (abs)        0000
__Hspace_3                 (abs)        0000
__Hspace_4                 (abs)        4010
__Hstack                   stack        0000
__Hstrings                 strings      0000
__Htext                    text         0000
__Labs1                    abs1         0000
__Lbank0                   bank0        0000
__Lbank1                   bank1        0000
__Lbank2                   bank2        0000
__Lbank3                   bank3        0000
__LbssBANK0                bssBANK0     0000
__Lcinit                   cinit        000F
__Lclrtext                 clrtext      0000
__Lcode                    code         0000
__Lcommon                  common       0000
__Lconfig                  config       0000
__LcstackBANK0             cstackBANK0  0000
__LcstackCOMMON            cstackCOMMON 0000
__Leeprom_data             eeprom_data  0000
__Lend_init                end_init     000C
__Lfunctab                 functab      0000
__Linit                    init         000C
__Lintentry                intentry     0004
__Lmaintext                maintext     0000
__Lpowerup                 powerup      0000
__Lram                     ram          0000
__Lreset_vec               reset_vec    0000
__Lsfr0                    sfr0         0000
__Lsfr1                    sfr1         0000
__Lsfr2                    sfr2         0000
__Lsfr3                    sfr3         0000
__Lspace_0                 (abs)        0000
__Lspace_1                 (abs)        0000
__Lspace_2                 (abs)        0000
__Lspace_3                 (abs)        0000
__Lspace_4                 (abs)        0000
__Lstack                   stack        0000
__Lstrings                 strings      0000
__Ltext                    text         0000
__S0                       (abs)        0422
__S1                       (abs)        007C
__S2                       (abs)        0000
__S3                       (abs)        0000
___awdiv                   text11       00FF
___awdiv@counter           cstackBANK0  0021
___awdiv@dividend          cstackCOMMON 007A
___awdiv@divisor           cstackCOMMON 0078
___awdiv@quotient          cstackBANK0  0023
___awdiv@sign              cstackBANK0  0022
___int_sp                  stack        0000
___latbits                 (abs)        0002
___lwdiv                   text10       0278
___lwdiv@counter           cstackCOMMON 0079
___lwdiv@dividend          cstackCOMMON 0074
___lwdiv@divisor           cstackCOMMON 0072
___lwdiv@quotient          cstackCOMMON 0077
___sp                      stack        0000
___stackhi                 (abs)        0000
___stacklo                 (abs)        0000
___wmul                    text9        0352
___wmul@multiplicand       cstackCOMMON 0074
___wmul@multiplier         cstackCOMMON 0072
___wmul@product            cstackCOMMON 0076
__end_of_Cambio            text17       02FB
__end_of_Conversiones      text8        00FF
__end_of_Lcd_Cmd           text15       03D2
__end_of_Lcd_Init          text7        0278
__end_of_Lcd_Port          text16       0422
__end_of_Lcd_Set_Cursor    text14       03B8
__end_of_Lcd_Write_Char    text13       03FD
__end_of_Lcd_Write_String  text12       039C
__end_of_Setup             text4        0352
__end_of___awdiv           text11       0168
__end_of___lwdiv           text10       02BC
__end_of___wmul            text9        0377
__end_of__initialization   cinit        0012
__end_of__stringtab        strings      0306
__end_of_initOsc           text6        0223
__end_of_isr               text18       040F
__end_of_main              maintext     01C7
__end_of_spiInit           text5        03E8
__end_of_spiRead           text2        0406
__end_of_spiReceiveWait    text3        0416
__end_of_spiWrite          text1        041C
__initialization           cinit        000F
__pbssBANK0                bssBANK0     002F
__pcstackBANK0             cstackBANK0  0020
__pcstackCOMMON            cstackCOMMON 0070
__pintentry                intentry     0004
__pmaintext                maintext     0168
__pstrings                 strings      0300
__ptext1                   text1        0416
__ptext10                  text10       0278
__ptext11                  text11       00FF
__ptext12                  text12       0377
__ptext13                  text13       03E8
__ptext14                  text14       039C
__ptext15                  text15       03B8
__ptext16                  text16       041C
__ptext17                  text17       02BC
__ptext18                  text18       0406
__ptext2                   text2        03FD
__ptext3                   text3        040F
__ptext4                   text4        0329
__ptext5                   text5        03D2
__ptext6                   text6        01C7
__ptext7                   text7        0223
__ptext8                   text8        0016
__ptext9                   text9        0352
__size_of_Cambio           (abs)        0000
__size_of_Conversiones     (abs)        0000
__size_of_Lcd_Cmd          (abs)        0000
__size_of_Lcd_Init         (abs)        0000
__size_of_Lcd_Port         (abs)        0000
__size_of_Lcd_Set_Cursor   (abs)        0000
__size_of_Lcd_Write_Char   (abs)        0000
__size_of_Lcd_Write_String (abs)        0000
__size_of_Setup            (abs)        0000
__size_of___awdiv          (abs)        0000
__size_of___lwdiv          (abs)        0000
__size_of___wmul           (abs)        0000
__size_of_initOsc          (abs)        0000
__size_of_isr              (abs)        0000
__size_of_main             (abs)        0000
__size_of_spiInit          (abs)        0000
__size_of_spiRead          (abs)        0000
__size_of_spiReceiveWait   (abs)        0000
__size_of_spiWrite         (abs)        0000
__stringbase               strings      0305
__stringtab                strings      0300
_initOsc                   text6        01C7
_isr                       text18       0406
_main                      maintext     0168
_spiInit                   text5        03D2
_spiRead                   text2        03FD
_spiReceiveWait            text3        040F
_spiWrite                  text1        0416
btemp                      (abs)        007E
end_of_initialization      cinit        0012
initOsc@IRCF               cstackCOMMON 0074
interrupt_function         intentry     0004
intlevel0                  functab      0000
intlevel1                  functab      0000
intlevel2                  functab      0000
intlevel3                  functab      0000
intlevel4                  functab      0000
intlevel5                  functab      0000
reset_vec                  reset_vec    0000
saved_w                    (abs)        007E
spiInit@sClockIdle         cstackCOMMON 0073
spiInit@sDataSample        cstackCOMMON 0072
spiInit@sTransmitEdge      cstackCOMMON 0074
spiInit@sType              cstackCOMMON 0075
spiWrite@dat               cstackCOMMON 0072
start                      init         000C
start_initialization       cinit        000F
wtemp0                     (abs)        007E


FUNCTION INFORMATION:

 *************** function _main *****************
 Defined at:
		line 70 in file "E:/UVG/Semestre 5/Digital2/Proyecto1/Proyecto1.X/code.c"
 Parameters:    Size  Location     Type
		None
 Auto vars:     Size  Location     Type
		None
 Return value:  Size  Location     Type
                  1    wreg      void 
 Registers used:
		wreg, fsr0l, fsr0h, status,2, status,0, pclath, cstack
 Tracked objects:
		On entry : 
		On exit  : 
		Unchanged: 
 Data sizes:     COMMON   BANK0   BANK1   BANK3   BANK2
      Params:         0       0       0       0       0
      Locals:         0       0       0       0       0
      Temps:          0       3       0       0       0
      Totals:         0       3       0       0       0
Total ram usage:        3 bytes
 Hardware stack levels required when called:    5
 This function calls:
		_Conversiones
		_Lcd_Set_Cursor
		_Lcd_Write_String
		_Setup
		_spiRead
		_spiWrite
 This function is called by:
		Startup code after reset
 This function uses a non-reentrant model


 *************** function _spiWrite *****************
 Defined at:
		line 32 in file "E:/UVG/Semestre 5/Digital2/Proyecto1/Proyecto1.X/MSSP.c"
 Parameters:    Size  Location     Type
  dat             1    wreg     unsigned char 
 Auto vars:     Size  Location     Type
  dat             1    2[COMMON] unsigned char 
 Return value:  Size  Location     Type
                  1    wreg      void 
 Registers used:
		wreg
 Tracked objects:
		On entry : 
		On exit  : 
		Unchanged: 
 Data sizes:     COMMON   BANK0   BANK1   BANK3   BANK2
      Params:         0       0       0       0       0
      Locals:         1       0       0       0       0
      Temps:          0       0       0       0       0
      Totals:         1       0       0       0       0
Total ram usage:        1 bytes
 Hardware stack levels used:    1
 Hardware stack levels required when called:    1
 This function calls:
		Nothing
 This function is called by:
		_main
 This function uses a non-reentrant model


 *************** function _spiRead *****************
 Defined at:
		line 43 in file "E:/UVG/Semestre 5/Digital2/Proyecto1/Proyecto1.X/MSSP.c"
 Parameters:    Size  Location     Type
		None
 Auto vars:     Size  Location     Type
		None
 Return value:  Size  Location     Type
                  1    wreg      unsigned char 
 Registers used:
		wreg, status,2, status,0, pclath, cstack
 Tracked objects:
		On entry : 
		On exit  : 
		Unchanged: 
 Data sizes:     COMMON   BANK0   BANK1   BANK3   BANK2
      Params:         0       0       0       0       0
      Locals:         0       0       0       0       0
      Temps:          0       0       0       0       0
      Totals:         0       0       0       0       0
Total ram usage:        0 bytes
 Hardware stack levels used:    1
 Hardware stack levels required when called:    2
 This function calls:
		_spiReceiveWait
 This function is called by:
		_main
 This function uses a non-reentrant model


 *************** function _spiReceiveWait *****************
 Defined at:
		line 28 in file "E:/UVG/Semestre 5/Digital2/Proyecto1/Proyecto1.X/MSSP.c"
 Parameters:    Size  Location     Type
		None
 Auto vars:     Size  Location     Type
		None
 Return value:  Size  Location     Type
                  1    wreg      void 
 Registers used:
		None
 Tracked objects:
		On entry : 
		On exit  : 
		Unchanged: 
 Data sizes:     COMMON   BANK0   BANK1   BANK3   BANK2
      Params:         0       0       0       0       0
      Locals:         0       0       0       0       0
      Temps:          0       0       0       0       0
      Totals:         0       0       0       0       0
Total ram usage:        0 bytes
 Hardware stack levels used:    1
 Hardware stack levels required when called:    1
 This function calls:
		Nothing
 This function is called by:
		_spiRead
 This function uses a non-reentrant model


 *************** function _Setup *****************
 Defined at:
		line 92 in file "E:/UVG/Semestre 5/Digital2/Proyecto1/Proyecto1.X/code.c"
 Parameters:    Size  Location     Type
		None
 Auto vars:     Size  Location     Type
		None
 Return value:  Size  Location     Type
                  1    wreg      void 
 Registers used:
		wreg, fsr0l, fsr0h, status,2, status,0, pclath, cstack
 Tracked objects:
		On entry : 
		On exit  : 
		Unchanged: 
 Data sizes:     COMMON   BANK0   BANK1   BANK3   BANK2
      Params:         0       0       0       0       0
      Locals:         0       0       0       0       0
      Temps:          0       0       0       0       0
      Totals:         0       0       0       0       0
Total ram usage:        0 bytes
 Hardware stack levels used:    1
 Hardware stack levels required when called:    4
 This function calls:
		_Lcd_Init
		_initOsc
		_spiInit
 This function is called by:
		_main
 This function uses a non-reentrant model


 *************** function _spiInit *****************
 Defined at:
		line 12 in file "E:/UVG/Semestre 5/Digital2/Proyecto1/Proyecto1.X/MSSP.c"
 Parameters:    Size  Location     Type
  sType           1    wreg     enum E1292
  sDataSample     1    2[COMMON] enum E1300
  sClockIdle      1    3[COMMON] enum E1304
  sTransmitEdg    1    4[COMMON] enum E1308
 Auto vars:     Size  Location     Type
  sType           1    5[COMMON] enum E1292
 Return value:  Size  Location     Type
                  1    wreg      void 
 Registers used:
		wreg, status,2, status,0
 Tracked objects:
		On entry : 
		On exit  : 
		Unchanged: 
 Data sizes:     COMMON   BANK0   BANK1   BANK3   BANK2
      Params:         3       0       0       0       0
      Locals:         1       0       0       0       0
      Temps:          0       0       0       0       0
      Totals:         4       0       0       0       0
Total ram usage:        4 bytes
 Hardware stack levels used:    1
 Hardware stack levels required when called:    1
 This function calls:
		Nothing
 This function is called by:
		_Setup
 This function uses a non-reentrant model


 *************** function _initOsc *****************
 Defined at:
		line 6 in file "E:/UVG/Semestre 5/Digital2/Proyecto1/Proyecto1.X/Oscilador.c"
 Parameters:    Size  Location     Type
  IRCF            1    wreg     unsigned char 
 Auto vars:     Size  Location     Type
  IRCF            1    4[COMMON] unsigned char 
 Return value:  Size  Location     Type
                  1    wreg      void 
 Registers used:
		wreg, fsr0l, fsr0h, status,2, status,0
 Tracked objects:
		On entry : 
		On exit  : 
		Unchanged: 
 Data sizes:     COMMON   BANK0   BANK1   BANK3   BANK2
      Params:         0       0       0       0       0
      Locals:         1       0       0       0       0
      Temps:          2       0       0       0       0
      Totals:         3       0       0       0       0
Total ram usage:        3 bytes
 Hardware stack levels used:    1
 Hardware stack levels required when called:    1
 This function calls:
		Nothing
 This function is called by:
		_Setup
 This function uses a non-reentrant model


 *************** function _Lcd_Init *****************
 Defined at:
		line 38 in file "E:/UVG/Semestre 5/Digital2/Proyecto1/Proyecto1.X/LCD.c"
 Parameters:    Size  Location     Type
		None
 Auto vars:     Size  Location     Type
		None
 Return value:  Size  Location     Type
                  1    wreg      void 
 Registers used:
		wreg, status,2, status,0, pclath, cstack
 Tracked objects:
		On entry : 
		On exit  : 
		Unchanged: 
 Data sizes:     COMMON   BANK0   BANK1   BANK3   BANK2
      Params:         0       0       0       0       0
      Locals:         0       0       0       0       0
      Temps:          2       0       0       0       0
      Totals:         2       0       0       0       0
Total ram usage:        2 bytes
 Hardware stack levels used:    1
 Hardware stack levels required when called:    3
 This function calls:
		_Lcd_Cmd
		_Lcd_Port
 This function is called by:
		_Setup
 This function uses a non-reentrant model


 *************** function _Conversiones *****************
 Defined at:
		line 123 in file "E:/UVG/Semestre 5/Digital2/Proyecto1/Proyecto1.X/code.c"
 Parameters:    Size  Location     Type
		None
 Auto vars:     Size  Location     Type
  temporal        2   10[BANK0 ] unsigned int 
  decimas         1    9[BANK0 ] unsigned char 
  unidades        1    8[BANK0 ] unsigned char 
  centimas        1    7[BANK0 ] unsigned char 
 Return value:  Size  Location     Type
                  1    wreg      void 
 Registers used:
		wreg, fsr0l, fsr0h, status,2, status,0, pclath, cstack
 Tracked objects:
		On entry : 
		On exit  : 
		Unchanged: 
 Data sizes:     COMMON   BANK0   BANK1   BANK3   BANK2
      Params:         0       0       0       0       0
      Locals:         0       5       0       0       0
      Temps:          0       2       0       0       0
      Totals:         0       7       0       0       0
Total ram usage:        7 bytes
 Hardware stack levels used:    1
 Hardware stack levels required when called:    4
 This function calls:
		_Cambio
		_Lcd_Set_Cursor
		_Lcd_Write_String
		___awdiv
		___lwdiv
		___wmul
 This function is called by:
		_main
 This function uses a non-reentrant model


 *************** function ___wmul *****************
 Defined at:
		line 15 in file "C:\Program Files\Microchip\xc8\v2.31\pic\sources\c90\common\Umul16.c"
 Parameters:    Size  Location     Type
  multiplier      2    2[COMMON] unsigned int 
  multiplicand    2    4[COMMON] unsigned int 
 Auto vars:     Size  Location     Type
  product         2    6[COMMON] unsigned int 
 Return value:  Size  Location     Type
                  2    2[COMMON] unsigned int 
 Registers used:
		wreg, status,2, status,0
 Tracked objects:
		On entry : 
		On exit  : 
		Unchanged: 
 Data sizes:     COMMON   BANK0   BANK1   BANK3   BANK2
      Params:         4       0       0       0       0
      Locals:         2       0       0       0       0
      Temps:          0       0       0       0       0
      Totals:         6       0       0       0       0
Total ram usage:        6 bytes
 Hardware stack levels used:    1
 Hardware stack levels required when called:    1
 This function calls:
		Nothing
 This function is called by:
		_Conversiones
 This function uses a non-reentrant model


 *************** function ___lwdiv *****************
 Defined at:
		line 5 in file "C:\Program Files\Microchip\xc8\v2.31\pic\sources\c90\common\lwdiv.c"
 Parameters:    Size  Location     Type
  divisor         2    2[COMMON] unsigned int 
  dividend        2    4[COMMON] unsigned int 
 Auto vars:     Size  Location     Type
  quotient        2    7[COMMON] unsigned int 
  counter         1    9[COMMON] unsigned char 
 Return value:  Size  Location     Type
                  2    2[COMMON] unsigned int 
 Registers used:
		wreg, status,2, status,0
 Tracked objects:
		On entry : 
		On exit  : 
		Unchanged: 
 Data sizes:     COMMON   BANK0   BANK1   BANK3   BANK2
      Params:         4       0       0       0       0
      Locals:         3       0       0       0       0
      Temps:          1       0       0       0       0
      Totals:         8       0       0       0       0
Total ram usage:        8 bytes
 Hardware stack levels used:    1
 Hardware stack levels required when called:    1
 This function calls:
		Nothing
 This function is called by:
		_Conversiones
 This function uses a non-reentrant model


 *************** function ___awdiv *****************
 Defined at:
		line 5 in file "C:\Program Files\Microchip\xc8\v2.31\pic\sources\c90\common\awdiv.c"
 Parameters:    Size  Location     Type
  divisor         2    8[COMMON] int 
  dividend        2   10[COMMON] int 
 Auto vars:     Size  Location     Type
  quotient        2    3[BANK0 ] int 
  sign            1    2[BANK0 ] unsigned char 
  counter         1    1[BANK0 ] unsigned char 
 Return value:  Size  Location     Type
                  2    8[COMMON] int 
 Registers used:
		wreg, status,2, status,0
 Tracked objects:
		On entry : 
		On exit  : 
		Unchanged: 
 Data sizes:     COMMON   BANK0   BANK1   BANK3   BANK2
      Params:         4       0       0       0       0
      Locals:         0       4       0       0       0
      Temps:          0       1       0       0       0
      Totals:         4       5       0       0       0
Total ram usage:        9 bytes
 Hardware stack levels used:    1
 Hardware stack levels required when called:    1
 This function calls:
		Nothing
 This function is called by:
		_Conversiones
 This function uses a non-reentrant model


 *************** function _Lcd_Write_String *****************
 Defined at:
		line 64 in file "E:/UVG/Semestre 5/Digital2/Proyecto1/Proyecto1.X/LCD.c"
 Parameters:    Size  Location     Type
  a               1    wreg     PTR unsigned char 
		 -> STR_14(2), STR_13(2), STR_12(2), STR_11(2), 
		 -> STR_10(2), STR_9(2), STR_8(2), STR_7(2), 
		 -> STR_6(2), STR_5(2), STR_4(2), STR_3(5), 
		 -> STR_2(6), STR_1(6), 
 Auto vars:     Size  Location     Type
  a               1    7[COMMON] PTR unsigned char 
		 -> STR_14(2), STR_13(2), STR_12(2), STR_11(2), 
		 -> STR_10(2), STR_9(2), STR_8(2), STR_7(2), 
		 -> STR_6(2), STR_5(2), STR_4(2), STR_3(5), 
		 -> STR_2(6), STR_1(6), 
  i               2    5[COMMON] int 
 Return value:  Size  Location     Type
                  1    wreg      void 
 Registers used:
		wreg, fsr0l, fsr0h, status,2, status,0, pclath, cstack
 Tracked objects:
		On entry : 
		On exit  : 
		Unchanged: 
 Data sizes:     COMMON   BANK0   BANK1   BANK3   BANK2
      Params:         0       0       0       0       0
      Locals:         3       0       0       0       0
      Temps:          0       0       0       0       0
      Totals:         3       0       0       0       0
Total ram usage:        3 bytes
 Hardware stack levels used:    1
 Hardware stack levels required when called:    3
 This function calls:
		_Lcd_Write_Char
 This function is called by:
		_main
		_Conversiones
 This function uses a non-reentrant model


 *************** function _Lcd_Write_Char *****************
 Defined at:
		line 56 in file "E:/UVG/Semestre 5/Digital2/Proyecto1/Proyecto1.X/LCD.c"
 Parameters:    Size  Location     Type
  a               1    wreg     unsigned char 
 Auto vars:     Size  Location     Type
  a               1    4[COMMON] unsigned char 
 Return value:  Size  Location     Type
                  1    wreg      void 
 Registers used:
		wreg, status,2, status,0, pclath, cstack
 Tracked objects:
		On entry : 
		On exit  : 
		Unchanged: 
 Data sizes:     COMMON   BANK0   BANK1   BANK3   BANK2
      Params:         0       0       0       0       0
      Locals:         1       0       0       0       0
      Temps:          1       0       0       0       0
      Totals:         2       0       0       0       0
Total ram usage:        2 bytes
 Hardware stack levels used:    1
 Hardware stack levels required when called:    2
 This function calls:
		_Lcd_Port
 This function is called by:
		_Lcd_Write_String
 This function uses a non-reentrant model


 *************** function _Lcd_Set_Cursor *****************
 Defined at:
		line 29 in file "E:/UVG/Semestre 5/Digital2/Proyecto1/Proyecto1.X/LCD.c"
 Parameters:    Size  Location     Type
  a               1    wreg     unsigned char 
  b               1    6[COMMON] unsigned char 
 Auto vars:     Size  Location     Type
  a               1    7[COMMON] unsigned char 
 Return value:  Size  Location     Type
                  1    wreg      void 
 Registers used:
		wreg, status,2, status,0, pclath, cstack
 Tracked objects:
		On entry : 
		On exit  : 
		Unchanged: 
 Data sizes:     COMMON   BANK0   BANK1   BANK3   BANK2
      Params:         1       0       0       0       0
      Locals:         1       0       0       0       0
      Temps:          0       0       0       0       0
      Totals:         2       0       0       0       0
Total ram usage:        2 bytes
 Hardware stack levels used:    1
 Hardware stack levels required when called:    3
 This function calls:
		_Lcd_Cmd
 This function is called by:
		_main
		_Conversiones
 This function uses a non-reentrant model


 *************** function _Lcd_Cmd *****************
 Defined at:
		line 17 in file "E:/UVG/Semestre 5/Digital2/Proyecto1/Proyecto1.X/LCD.c"
 Parameters:    Size  Location     Type
  a               1    wreg     unsigned char 
 Auto vars:     Size  Location     Type
  a               1    5[COMMON] unsigned char 
 Return value:  Size  Location     Type
                  1    wreg      void 
 Registers used:
		wreg, status,2, status,0, pclath, cstack
 Tracked objects:
		On entry : 
		On exit  : 
		Unchanged: 
 Data sizes:     COMMON   BANK0   BANK1   BANK3   BANK2
      Params:         0       0       0       0       0
      Locals:         1       0       0       0       0
      Temps:          2       0       0       0       0
      Totals:         3       0       0       0       0
Total ram usage:        3 bytes
 Hardware stack levels used:    1
 Hardware stack levels required when called:    2
 This function calls:
		_Lcd_Port
 This function is called by:
		_Lcd_Set_Cursor
		_Lcd_Init
		_Lcd_Clear
		_Lcd_Shift_Right
		_Lcd_Shift_Left
 This function uses a non-reentrant model


 *************** function _Lcd_Port *****************
 Defined at:
		line 13 in file "E:/UVG/Semestre 5/Digital2/Proyecto1/Proyecto1.X/LCD.c"
 Parameters:    Size  Location     Type
  a               1    wreg     unsigned char 
 Auto vars:     Size  Location     Type
  a               1    2[COMMON] unsigned char 
 Return value:  Size  Location     Type
                  1    wreg      void 
 Registers used:
		wreg
 Tracked objects:
		On entry : 
		On exit  : 
		Unchanged: 
 Data sizes:     COMMON   BANK0   BANK1   BANK3   BANK2
      Params:         0       0       0       0       0
      Locals:         1       0       0       0       0
      Temps:          0       0       0       0       0
      Totals:         1       0       0       0       0
Total ram usage:        1 bytes
 Hardware stack levels used:    1
 Hardware stack levels required when called:    1
 This function calls:
		Nothing
 This function is called by:
		_Lcd_Cmd
		_Lcd_Init
		_Lcd_Write_Char
 This function uses a non-reentrant model


 *************** function _Cambio *****************
 Defined at:
		line 78 in file "E:/UVG/Semestre 5/Digital2/Proyecto1/Proyecto1.X/LCD.c"
 Parameters:    Size  Location     Type
  numero          1    wreg     unsigned char 
 Auto vars:     Size  Location     Type
  numero          1    4[COMMON] unsigned char 
 Return value:  Size  Location     Type
                  1    wreg      PTR const unsigned char 
 Registers used:
		wreg, fsr0l, fsr0h, status,2, status,0
 Tracked objects:
		On entry : 
		On exit  : 
		Unchanged: 
 Data sizes:     COMMON   BANK0   BANK1   BANK3   BANK2
      Params:         0       0       0       0       0
      Locals:         1       0       0       0       0
      Temps:          2       0       0       0       0
      Totals:         3       0       0       0       0
Total ram usage:        3 bytes
 Hardware stack levels used:    1
 Hardware stack levels required when called:    1
 This function calls:
		Nothing
 This function is called by:
		_Conversiones
 This function uses a non-reentrant model


 *************** function _isr *****************
 Defined at:
		line 59 in file "E:/UVG/Semestre 5/Digital2/Proyecto1/Proyecto1.X/code.c"
 Parameters:    Size  Location     Type
		None
 Auto vars:     Size  Location     Type
		None
 Return value:  Size  Location     Type
                  1    wreg      void 
 Registers used:
		None
 Tracked objects:
		On entry : 
		On exit  : 
		Unchanged: 
 Data sizes:     COMMON   BANK0   BANK1   BANK3   BANK2
      Params:         0       0       0       0       0
      Locals:         0       0       0       0       0
      Temps:          2       0       0       0       0
      Totals:         2       0       0       0       0
Total ram usage:        2 bytes
 Hardware stack levels used:    1
 This function calls:
		Nothing
 This function is called by:
		Interrupt level 1
 This function uses a non-reentrant model



MODULE INFORMATION

Module		Function		Class		Link	Load	Size
E:/UVG/Semestre 5/Digital2/Proyecto1/Proyecto1.X/code.c
		_main          		CODE           	0168	0000	95
		_Setup         		CODE           	0329	0000	41
		_isr           		CODE           	0406	0000	9
		_Conversiones  		CODE           	0016	0000	233

E:/UVG/Semestre 5/Digital2/Proyecto1/Proyecto1.X/code.c estimated size: 378

E:/UVG/Semestre 5/Digital2/Proyecto1/Proyecto1.X/Oscilador.c
		_initOsc       		CODE           	01C7	0000	92

E:/UVG/Semestre 5/Digital2/Proyecto1/Proyecto1.X/Oscilador.c estimated size: 92

E:/UVG/Semestre 5/Digital2/Proyecto1/Proyecto1.X/MSSP.c
		_spiWrite      		CODE           	0416	0000	6
		_spiInit       		CODE           	03D2	0000	22
		_spiReceiveWait		CODE           	040F	0000	7
		_spiRead       		CODE           	03FD	0000	9

E:/UVG/Semestre 5/Digital2/Proyecto1/Proyecto1.X/MSSP.c estimated size: 44

C:\Program Files\Microchip\xc8\v2.31\pic\sources\c90\common\Umul16.c
		___wmul        		CODE           	0352	0000	37

C:\Program Files\Microchip\xc8\v2.31\pic\sources\c90\common\Umul16.c estimated size: 37

C:\Program Files\Microchip\xc8\v2.31\pic\sources\c90\common\lwdiv.c
		___lwdiv       		CODE           	0278	0000	68

C:\Program Files\Microchip\xc8\v2.31\pic\sources\c90\common\lwdiv.c estimated size: 68

C:\Program Files\Microchip\xc8\v2.31\pic\sources\c90\common\awdiv.c
		___awdiv       		CODE           	00FF	0000	105

C:\Program Files\Microchip\xc8\v2.31\pic\sources\c90\common\awdiv.c estimated size: 105

shared
		__stringtab    		STRING         	0300	0000	6
		__initialization		CODE           	000F	0000	3

shared estimated size: 9

E:/UVG/Semestre 5/Digital2/Proyecto1/Proyecto1.X/LCD.c
		_Lcd_Write_String		CODE           	0377	0000	37
		_Lcd_Init      		CODE           	0223	0000	85
		_Lcd_Write_Char		CODE           	03E8	0000	21
		_Cambio        		CODE           	02BC	0000	63
		_Lcd_Cmd       		CODE           	03B8	0000	26
		_Lcd_Set_Cursor		CODE           	039C	0000	28
		_Lcd_Port      		CODE           	041C	0000	6

E:/UVG/Semestre 5/Digital2/Proyecto1/Proyecto1.X/LCD.c estimated size: 266

